Archive member included because of file (symbol)

c:/users/felipe.neves/mentorgraphics/sourcery_codebench_lite_for_arm_eabi/bin/../lib/gcc/arm-none-eabi/4.8.1/../../../../arm-none-eabi/lib/thumb2\libc.a(lib_a-errno.o)
                              ./system/src/newlib/_sbrk.o (__errno)
c:/users/felipe.neves/mentorgraphics/sourcery_codebench_lite_for_arm_eabi/bin/../lib/gcc/arm-none-eabi/4.8.1/../../../../arm-none-eabi/lib/thumb2\libc.a(lib_a-impure.o)
                              c:/users/felipe.neves/mentorgraphics/sourcery_codebench_lite_for_arm_eabi/bin/../lib/gcc/arm-none-eabi/4.8.1/../../../../arm-none-eabi/lib/thumb2\libc.a(lib_a-errno.o) (_impure_ptr)
c:/users/felipe.neves/mentorgraphics/sourcery_codebench_lite_for_arm_eabi/bin/../lib/gcc/arm-none-eabi/4.8.1/../../../../arm-none-eabi/lib/thumb2\libc.a(lib_a-memset.o)
                              ./uLipeRTOSv2/uLipe_Flags.o (memset)
c:/users/felipe.neves/mentorgraphics/sourcery_codebench_lite_for_arm_eabi/bin/../lib/gcc/arm-none-eabi/4.8.1/../../../../arm-none-eabi/lib/thumb2\libc.a(lib_a-strlen.o)
                              ./system/src/diag/Trace.o (strlen)
c:/users/felipe.neves/mentorgraphics/sourcery_codebench_lite_for_arm_eabi/bin/../lib/gcc/arm-none-eabi/4.8.1/../../../../arm-none-eabi/lib/thumb2\libc.a(lib_a-vsnprintf.o)
                              ./system/src/diag/Trace.o (vsnprintf)
c:/users/felipe.neves/mentorgraphics/sourcery_codebench_lite_for_arm_eabi/bin/../lib/gcc/arm-none-eabi/4.8.1/../../../../arm-none-eabi/lib/thumb2\libc.a(lib_a-svfprintf.o)
                              c:/users/felipe.neves/mentorgraphics/sourcery_codebench_lite_for_arm_eabi/bin/../lib/gcc/arm-none-eabi/4.8.1/../../../../arm-none-eabi/lib/thumb2\libc.a(lib_a-vsnprintf.o) (_svfprintf_r)
c:/users/felipe.neves/mentorgraphics/sourcery_codebench_lite_for_arm_eabi/bin/../lib/gcc/arm-none-eabi/4.8.1/../../../../arm-none-eabi/lib/thumb2\libc.a(lib_a-dtoa.o)
                              c:/users/felipe.neves/mentorgraphics/sourcery_codebench_lite_for_arm_eabi/bin/../lib/gcc/arm-none-eabi/4.8.1/../../../../arm-none-eabi/lib/thumb2\libc.a(lib_a-svfprintf.o) (_dtoa_r)
c:/users/felipe.neves/mentorgraphics/sourcery_codebench_lite_for_arm_eabi/bin/../lib/gcc/arm-none-eabi/4.8.1/../../../../arm-none-eabi/lib/thumb2\libc.a(lib_a-locale.o)
                              c:/users/felipe.neves/mentorgraphics/sourcery_codebench_lite_for_arm_eabi/bin/../lib/gcc/arm-none-eabi/4.8.1/../../../../arm-none-eabi/lib/thumb2\libc.a(lib_a-svfprintf.o) (_localeconv_r)
c:/users/felipe.neves/mentorgraphics/sourcery_codebench_lite_for_arm_eabi/bin/../lib/gcc/arm-none-eabi/4.8.1/../../../../arm-none-eabi/lib/thumb2\libc.a(lib_a-malloc.o)
                              c:/users/felipe.neves/mentorgraphics/sourcery_codebench_lite_for_arm_eabi/bin/../lib/gcc/arm-none-eabi/4.8.1/../../../../arm-none-eabi/lib/thumb2\libc.a(lib_a-dtoa.o) (malloc)
c:/users/felipe.neves/mentorgraphics/sourcery_codebench_lite_for_arm_eabi/bin/../lib/gcc/arm-none-eabi/4.8.1/../../../../arm-none-eabi/lib/thumb2\libc.a(lib_a-mallocr.o)
                              c:/users/felipe.neves/mentorgraphics/sourcery_codebench_lite_for_arm_eabi/bin/../lib/gcc/arm-none-eabi/4.8.1/../../../../arm-none-eabi/lib/thumb2\libc.a(lib_a-svfprintf.o) (_malloc_r)
c:/users/felipe.neves/mentorgraphics/sourcery_codebench_lite_for_arm_eabi/bin/../lib/gcc/arm-none-eabi/4.8.1/../../../../arm-none-eabi/lib/thumb2\libc.a(lib_a-memchr-stub.o)
                              c:/users/felipe.neves/mentorgraphics/sourcery_codebench_lite_for_arm_eabi/bin/../lib/gcc/arm-none-eabi/4.8.1/../../../../arm-none-eabi/lib/thumb2\libc.a(lib_a-svfprintf.o) (memchr)
c:/users/felipe.neves/mentorgraphics/sourcery_codebench_lite_for_arm_eabi/bin/../lib/gcc/arm-none-eabi/4.8.1/../../../../arm-none-eabi/lib/thumb2\libc.a(lib_a-memcpy-stub.o)
                              c:/users/felipe.neves/mentorgraphics/sourcery_codebench_lite_for_arm_eabi/bin/../lib/gcc/arm-none-eabi/4.8.1/../../../../arm-none-eabi/lib/thumb2\libc.a(lib_a-dtoa.o) (memcpy)
c:/users/felipe.neves/mentorgraphics/sourcery_codebench_lite_for_arm_eabi/bin/../lib/gcc/arm-none-eabi/4.8.1/../../../../arm-none-eabi/lib/thumb2\libc.a(lib_a-mlock.o)
                              c:/users/felipe.neves/mentorgraphics/sourcery_codebench_lite_for_arm_eabi/bin/../lib/gcc/arm-none-eabi/4.8.1/../../../../arm-none-eabi/lib/thumb2\libc.a(lib_a-mallocr.o) (__malloc_lock)
c:/users/felipe.neves/mentorgraphics/sourcery_codebench_lite_for_arm_eabi/bin/../lib/gcc/arm-none-eabi/4.8.1/../../../../arm-none-eabi/lib/thumb2\libc.a(lib_a-mprec.o)
                              c:/users/felipe.neves/mentorgraphics/sourcery_codebench_lite_for_arm_eabi/bin/../lib/gcc/arm-none-eabi/4.8.1/../../../../arm-none-eabi/lib/thumb2\libc.a(lib_a-dtoa.o) (_Balloc)
[...]
Memory Configuration

Name             Origin             Length             Attributes
RAM              0x20000000         0x00030000         xrw
CCMRAM           0x10000000         0x00010000         xrw
FLASH            0x08000000         0x00200000         xr
FLASHB1          0x00000000         0x00000000         xr
EXTMEMB0         0x00000000         0x00000000         xr
EXTMEMB1         0x00000000         0x00000000         xr
EXTMEMB2         0x00000000         0x00000000         xr
EXTMEMB3         0x00000000         0x00000000         xr
MEMORY_ARRAY     0x20002000         0x00000020         xrw
*default*        0x00000000         0xffffffff

Linker script and memory map

LOAD ./uLipeRTOSv2/Portable/GNU_GCC/ARMCM4F/AsmStuff.o
LOAD ./uLipeRTOSv2/uLipe_Core.o
LOAD ./uLipeRTOSv2/uLipe_Flags.o
LOAD ./uLipeRTOSv2/uLipe_List.o
LOAD ./uLipeRTOSv2/uLipe_Mutex.o
LOAD ./uLipeRTOSv2/uLipe_Task.o
LOAD ./system/src/stm32f4-hal/stm32f4xx_hal.o
LOAD ./system/src/stm32f4-hal/stm32f4xx_hal_cortex.o
LOAD ./system/src/stm32f4-hal/stm32f4xx_hal_flash.o
LOAD ./system/src/stm32f4-hal/stm32f4xx_hal_flash_ex.o
LOAD ./system/src/stm32f4-hal/stm32f4xx_hal_gpio.o
LOAD ./system/src/stm32f4-hal/stm32f4xx_hal_iwdg.o
LOAD ./system/src/stm32f4-hal/stm32f4xx_hal_pwr.o
LOAD ./system/src/stm32f4-hal/stm32f4xx_hal_pwr_ex.o
LOAD ./system/src/stm32f4-hal/stm32f4xx_hal_rcc.o
LOAD ./system/src/stm32f4-hal/stm32f4xx_hal_rcc_ex.o
LOAD ./system/src/newlib/_cxx.o
LOAD ./system/src/newlib/_exit.o
LOAD ./system/src/newlib/_sbrk.o
LOAD ./system/src/newlib/_startup.o
LOAD ./system/src/newlib/_syscalls.o
LOAD ./system/src/newlib/_write.o
LOAD ./system/src/newlib/assert.o
LOAD ./system/src/diag/Trace.o
LOAD ./system/src/diag/trace_impl.o
LOAD ./system/src/cortexm/_initialize_hardware.o
LOAD ./system/src/cortexm/_reset_hardware.o
LOAD ./system/src/cortexm/exception_handlers.o
LOAD ./system/src/cmsis/system_stm32f4xx.o
LOAD ./system/src/cmsis/vectors_stm32f4xx.o
LOAD ./src/ButtonTask.o
LOAD ./src/DisplayTask.o
LOAD ./src/LedTask.o
LOAD ./src/_initialize_hardware.o
LOAD ./src/main.o
LOAD c:/users/felipe.neves/mentorgraphics/sourcery_codebench_lite_for_arm_eabi/bin/../lib/gcc/arm-none-eabi/4.8.1/../../../../arm-none-eabi/lib/thumb2\libstdc++.a
LOAD c:/users/felipe.neves/mentorgraphics/sourcery_codebench_lite_for_arm_eabi/bin/../lib/gcc/arm-none-eabi/4.8.1/../../../../arm-none-eabi/lib/thumb2\libm.a
START GROUP
LOAD c:/users/felipe.neves/mentorgraphics/sourcery_codebench_lite_for_arm_eabi/bin/../lib/gcc/arm-none-eabi/4.8.1/thumb2\libgcc.a
LOAD c:/users/felipe.neves/mentorgraphics/sourcery_codebench_lite_for_arm_eabi/bin/../lib/gcc/arm-none-eabi/4.8.1/../../../../arm-none-eabi/lib/thumb2\libc.a
END GROUP
                0x20030000                __stack = (ORIGIN (RAM) + 0x30000)
                0x20030000                _estack = __stack
                0x00000400                __Main_Stack_Size = 0x400
                0x00000400                PROVIDE (_Main_Stack_Size, __Main_Stack_Size)
                0x2002fc00                __Main_Stack_Limit = (__stack - __Main_Stack_Size)
                0x2002fc00                PROVIDE (_Main_Stack_Limit, __Main_Stack_Limit)
                0x00000100                _Minimum_Stack_Size = 0x100
                0x200022cc                PROVIDE (_Heap_Begin, _end_noinit)
                0x2002fc00                PROVIDE (_Heap_Limit, (__stack - __Main_Stack_Size))

.isr_vector     0x08000000      0x33c
                0x08000000                . = ALIGN (0x4)
 *(.isr_vector)
 .isr_vector    0x08000000      0x1ac ./system/src/cmsis/vectors_stm32f4xx.o
                0x08000000                __isr_vectors
 *(.cfmconfig)
 *(.after_vectors .after_vectors.*)
 .after_vectors
                0x080001ac      0x160 ./system/src/newlib/_startup.o
                0x080001ac                _start
 .after_vectors
                0x0800030c       0x2c ./system/src/cortexm/exception_handlers.o
                0x0800030c                Reset_Handler
                0x08000314                NMI_Handler
                0x08000318                HardFault_Handler
                0x0800031c                MemManage_Handler
                0x08000320                BusFault_Handler
                0x08000324                UsageFault_Handler
                0x08000328                SVC_Handler
                0x0800032c                DebugMon_Handler
                0x08000330                PendSV_Handler
                0x08000334                SysTick_Handler
 .after_vectors
                0x08000338        0x4 ./system/src/cmsis/vectors_stm32f4xx.o
                0x08000338                RTC_Alarm_IRQHandler
                0x08000338                HASH_RNG_IRQHandler
                0x08000338                EXTI2_IRQHandler
                0x08000338                TIM8_CC_IRQHandler
                0x08000338                UART8_IRQHandler
                0x08000338                SPI4_IRQHandler
                0x08000338                TIM1_CC_IRQHandler
                0x08000338                DMA2_Stream5_IRQHandler
                0x08000338                DMA1_Stream5_IRQHandler
                0x08000338                PVD_IRQHandler
                0x08000338                SDIO_IRQHandler
                0x08000338                TAMP_STAMP_IRQHandler
                0x08000338                CAN2_RX1_IRQHandler
                0x08000338                EXTI3_IRQHandler
                0x08000338                TIM8_TRG_COM_TIM14_IRQHandler
                0x08000338                TIM1_UP_TIM10_IRQHandler
                0x08000338                TIM8_UP_TIM13_IRQHandler
                0x08000338                I2C3_ER_IRQHandler
                0x08000338                EXTI0_IRQHandler
                0x08000338                I2C2_EV_IRQHandler
                0x08000338                DMA1_Stream2_IRQHandler
                0x08000338                CAN1_RX0_IRQHandler
                0x08000338                FPU_IRQHandler
                0x08000338                OTG_HS_WKUP_IRQHandler
                0x08000338                LTDC_ER_IRQHandler
                0x08000338                CAN2_SCE_IRQHandler
                0x08000338                DMA2_Stream2_IRQHandler
                0x08000338                SPI1_IRQHandler
                0x08000338                TIM6_DAC_IRQHandler
                0x08000338                TIM1_BRK_TIM9_IRQHandler
                0x08000338                DCMI_IRQHandler
                0x08000338                CAN2_RX0_IRQHandler
                0x08000338                DMA2_Stream3_IRQHandler
                0x08000338                USART6_IRQHandler
                0x08000338                USART3_IRQHandler
                0x08000338                CRYP_IRQHandler
                0x08000338                CAN1_RX1_IRQHandler
                0x08000338                UART5_IRQHandler
                0x08000338                DMA2_Stream0_IRQHandler
                0x08000338                TIM4_IRQHandler
                0x08000338                I2C1_EV_IRQHandler
                0x08000338                DMA1_Stream6_IRQHandler
                0x08000338                DMA1_Stream1_IRQHandler
                0x08000338                UART4_IRQHandler
                0x08000338                TIM3_IRQHandler
                0x08000338                RCC_IRQHandler
                0x08000338                TIM8_BRK_TIM12_IRQHandler
                0x08000338                Default_Handler
                0x08000338                EXTI15_10_IRQHandler
                0x08000338                ADC_IRQHandler
                0x08000338                DMA1_Stream7_IRQHandler
                0x08000338                SPI5_IRQHandler
                0x08000338                TIM7_IRQHandler
                0x08000338                CAN2_TX_IRQHandler
                0x08000338                TIM5_IRQHandler
                0x08000338                DMA2_Stream7_IRQHandler
                0x08000338                I2C3_EV_IRQHandler
                0x08000338                EXTI9_5_IRQHandler
                0x08000338                RTC_WKUP_IRQHandler
                0x08000338                LTDC_IRQHandler
                0x08000338                ETH_WKUP_IRQHandler
                0x08000338                SPI2_IRQHandler
                0x08000338                OTG_HS_EP1_IN_IRQHandler
                0x08000338                DMA1_Stream0_IRQHandler
                0x08000338                CAN1_TX_IRQHandler
                0x08000338                EXTI4_IRQHandler
                0x08000338                FSMC_IRQHandler
                0x08000338                ETH_IRQHandler
                0x08000338                OTG_HS_EP1_OUT_IRQHandler
                0x08000338                WWDG_IRQHandler
                0x08000338                SPI6_IRQHandler
                0x08000338                TIM2_IRQHandler
                0x08000338                OTG_FS_WKUP_IRQHandler
                0x08000338                TIM1_TRG_COM_TIM11_IRQHandler
                0x08000338                OTG_HS_IRQHandler
                0x08000338                DMA2D_IRQHandler
                0x08000338                EXTI1_IRQHandler
                0x08000338                UART7_IRQHandler
                0x08000338                USART2_IRQHandler
                0x08000338                I2C2_ER_IRQHandler
                0x08000338                DMA2_Stream1_IRQHandler
                0x08000338                CAN1_SCE_IRQHandler
                0x08000338                FLASH_IRQHandler
                0x08000338                DMA2_Stream4_IRQHandler
                0x08000338                USART1_IRQHandler
                0x08000338                OTG_FS_IRQHandler
                0x08000338                SPI3_IRQHandler
                0x08000338                DMA1_Stream4_IRQHandler
                0x08000338                I2C1_ER_IRQHandler
                0x08000338                FMC_IRQHandler
                0x08000338                DMA2_Stream6_IRQHandler
                0x08000338                SAI1_IRQHandler
                0x08000338                DMA1_Stream3_IRQHandler
                0x0800033c                . = ALIGN (0x4)

.inits          0x0800033c        0x0
                0x0800033c                . = ALIGN (0x4)
 *(.init)
 *(.fini)
                0x0800033c                . = ALIGN (0x4)
                0x0800033c                PROVIDE (__preinit_array_start, .)
 *(.preinit_array_sysinit .preinit_array_sysinit.*)
 *(.preinit_array_platform .preinit_array_platform.*)
 *(.preinit_array .preinit_array.*)
                0x0800033c                PROVIDE (__preinit_array_end, .)
                0x0800033c                . = ALIGN (0x4)
                0x0800033c                PROVIDE (__init_array_start, .)
 *(SORT(.init_array.*))
 *(.init_array)
                0x0800033c                PROVIDE (__init_array_end, .)
                0x0800033c                . = ALIGN (0x4)
                0x0800033c                PROVIDE (__fini_array_start, .)
 *(SORT(.fini_array.*))
 *(.fini_array)
                0x0800033c                PROVIDE (__fini_array_end, .)
                0x0800033c                . = ALIGN (0x4)

.flashtext      0x0800033c        0x0
                0x0800033c                . = ALIGN (0x4)
 *(.flashtext .flashtext.*)
                0x0800033c                . = ALIGN (0x4)

.text           0x08000340     0x7bd0
                0x08000340                . = ALIGN (0x4)
 *(.text .text.*)
 .text          0x08000340       0xe8 ./uLipeRTOSv2/Portable/GNU_GCC/ARMCM4F/AsmStuff.o
                0x08000340                Asm_LowLevelTickInit
                0x08000366                Asm_CriticalIn
                0x0800036e                Asm_CriticalOut
                0x08000374                Asm_IntLevelContextChange
                0x08000382                Asm_TaskLevelContextChange
                0x08000390                Asm_TaskCtxSwt
 .text.Core_IdleTask
                0x08000428        0xc ./uLipeRTOSv2/uLipe_Core.o
                0x08000428                Core_IdleTask
 .text.Core_vTaskEntry
                0x08000434       0x24 ./uLipeRTOSv2/uLipe_Core.o
                0x08000434                Core_vTaskEntry
 .text.Core_ReadyTask
                0x08000458       0x38 ./uLipeRTOSv2/uLipe_Core.o
                0x08000458                Core_ReadyTask
 .text.Core_UnreadyTask
                0x08000490       0x40 ./uLipeRTOSv2/uLipe_Core.o
                0x08000490                Core_UnreadyTask
 .text.Core_Schedule
                0x080004d0       0xd8 ./uLipeRTOSv2/uLipe_Core.o
                0x080004d0                Core_Schedule
 .text.Core_StackFrameCreate
                0x080005a8       0xe4 ./uLipeRTOSv2/uLipe_Core.o
                0x080005a8                Core_StackFrameCreate
 .text.Core_Init
                0x0800068c       0x58 ./uLipeRTOSv2/uLipe_Core.o
                0x0800068c                Core_Init
 .text.Core_EnableSchedule
                0x080006e4       0x10 ./uLipeRTOSv2/uLipe_Core.o
                0x080006e4                Core_EnableSchedule
 .text.Core_Start
                0x080006f4       0x20 ./uLipeRTOSv2/uLipe_Core.o
                0x080006f4                Core_Start
 .text.Core_vTaskStateMchn
                0x08000714       0x64 ./uLipeRTOSv2/uLipe_Core.o
                0x08000714                Core_vTaskStateMchn
 .text.Core_TimeTick
                0x08000778       0x60 ./uLipeRTOSv2/uLipe_Core.o
                0x08000778                Core_TimeTick
 .text.Flags_vInit
                0x080007d8       0x44 ./uLipeRTOSv2/uLipe_Flags.o
                0x080007d8                Flags_vInit
 .text.Flags_pxCreate
                0x0800081c       0x70 ./uLipeRTOSv2/uLipe_Flags.o
                0x0800081c                Flags_pxCreate
 .text.Flags_xPend
                0x0800088c       0xbc ./uLipeRTOSv2/uLipe_Flags.o
                0x0800088c                Flags_xPend
 .text.List_xInsert
                0x08000948       0x44 ./uLipeRTOSv2/uLipe_List.o
                0x08000948                List_xInsert
 .text.Mutex_vInit
                0x0800098c       0x58 ./uLipeRTOSv2/uLipe_Mutex.o
                0x0800098c                Mutex_vInit
 .text.Task_InitBlocks
                0x080009e4       0x58 ./uLipeRTOSv2/uLipe_Task.o
                0x080009e4                Task_InitBlocks
 .text.Task_Create
                0x08000a3c      0x154 ./uLipeRTOSv2/uLipe_Task.o
                0x08000a3c                Task_Create
 .text.Task_Delete
                0x08000b90       0x84 ./uLipeRTOSv2/uLipe_Task.o
                0x08000b90                Task_Delete
 .text.HAL_MspInit
                0x08000c14        0x4 ./system/src/stm32f4-hal/stm32f4xx_hal.o
                0x08000c14                HAL_MspInit
 .text.HAL_Init
                0x08000c18       0x38 ./system/src/stm32f4-hal/stm32f4xx_hal.o
                0x08000c18                HAL_Init
 .text.HAL_GetTick
                0x08000c50        0xc ./system/src/stm32f4-hal/stm32f4xx_hal.o
                0x08000c50                HAL_GetTick
 .text.HAL_NVIC_SetPriorityGrouping
                0x08000c5c       0x3c ./system/src/stm32f4-hal/stm32f4xx_hal_cortex.o
                0x08000c5c                HAL_NVIC_SetPriorityGrouping
 .text.HAL_SYSTICK_Config
                0x08000c98       0x30 ./system/src/stm32f4-hal/stm32f4xx_hal_cortex.o
                0x08000c98                HAL_SYSTICK_Config
 .text.HAL_RCC_OscConfig
                0x08000cc8      0x590 ./system/src/stm32f4-hal/stm32f4xx_hal_rcc.o
                0x08000cc8                HAL_RCC_OscConfig
 .text.HAL_RCC_GetSysClockFreq
                0x08001258       0xb4 ./system/src/stm32f4-hal/stm32f4xx_hal_rcc.o
                0x08001258                HAL_RCC_GetSysClockFreq
 .text.HAL_RCC_GetHCLKFreq
                0x0800130c       0x3c ./system/src/stm32f4-hal/stm32f4xx_hal_rcc.o
                0x0800130c                HAL_RCC_GetHCLKFreq
 .text.HAL_RCC_ClockConfig
                0x08001348      0x398 ./system/src/stm32f4-hal/stm32f4xx_hal_rcc.o
                0x08001348                HAL_RCC_ClockConfig
 .text._exit    0x080016e0        0x4 ./system/src/newlib/_exit.o
                0x080016e0                _exit
 .text.abort    0x080016e4       0x14 ./system/src/newlib/_exit.o
                0x080016e4                abort
 .text._sbrk    0x080016f8       0x5c ./system/src/newlib/_sbrk.o
                0x080016f8                _sbrk
 .text.__initialize_args
                0x08001754       0x10 ./system/src/newlib/_syscalls.o
                0x08001754                __initialize_args
 .text.assert_failed
                0x08001764       0x18 ./system/src/newlib/assert.o
                0x08001764                assert_failed
 .text.trace_printf
                0x0800177c       0x3c ./system/src/diag/Trace.o
                0x0800177c                trace_printf
 .text.trace_puts
                0x080017b8       0x20 ./system/src/diag/Trace.o
                0x080017b8                trace_puts
 .text._trace_write_itm
                0x080017d8       0x3c ./system/src/diag/trace_impl.o
 .text.trace_write
                0x08001814        0x8 ./system/src/diag/trace_impl.o
                0x08001814                trace_write
 .text.SystemInit
                0x0800181c       0x44 ./system/src/cmsis/system_stm32f4xx.o
                0x0800181c                SystemInit
 .text.bButtonGet
                0x08001860        0xc ./src/ButtonTask.o
                0x08001860                bButtonGet
 .text.vButtonMainTask
                0x0800186c       0x40 ./src/ButtonTask.o
                0x0800186c                vButtonMainTask
 .text.vDisplayMainTask
                0x080018ac       0x2c ./src/DisplayTask.o
                0x080018ac                vDisplayMainTask
 .text.vLedTaskInit
                0x080018d8       0x2c ./src/LedTask.o
                0x080018d8                vLedTaskInit
 .text.vLedSetValue
                0x08001904       0x3c ./src/LedTask.o
                0x08001904                vLedSetValue
 .text.vLedMainTask
                0x08001940       0x8c ./src/LedTask.o
                0x08001940                vLedMainTask
 .text.configure_system_clock
                0x080019cc       0x6c ./src/_initialize_hardware.o
                0x080019cc                configure_system_clock
 .text.__initialize_hardware
                0x08001a38       0x10 ./src/_initialize_hardware.o
                0x08001a38                __initialize_hardware
 .text.main     0x08001a48       0x98 ./src/main.o
                0x08001a48                main
 .text          0x08001ae0        0xc c:/users/felipe.neves/mentorgraphics/sourcery_codebench_lite_for_arm_eabi/bin/../lib/gcc/arm-none-eabi/4.8.1/../../../../arm-none-eabi/lib/thumb2\libc.a(lib_a-errno.o)
                0x08001ae0                __errno
 .text          0x08001aec       0xa0 c:/users/felipe.neves/mentorgraphics/sourcery_codebench_lite_for_arm_eabi/bin/../lib/gcc/arm-none-eabi/4.8.1/../../../../arm-none-eabi/lib/thumb2\libc.a(lib_a-memset.o)
                0x08001aec                memset
 .text          0x08001b8c       0x60 c:/users/felipe.neves/mentorgraphics/sourcery_codebench_lite_for_arm_eabi/bin/../lib/gcc/arm-none-eabi/4.8.1/../../../../arm-none-eabi/lib/thumb2\libc.a(lib_a-strlen.o)
                0x08001b8c                strlen
 .text          0x08001bec       0x7c c:/users/felipe.neves/mentorgraphics/sourcery_codebench_lite_for_arm_eabi/bin/../lib/gcc/arm-none-eabi/4.8.1/../../../../arm-none-eabi/lib/thumb2\libc.a(lib_a-vsnprintf.o)
                0x08001bec                _vsnprintf_r
                0x08001c44                vsnprintf
 .text          0x08001c68     0x14b4 c:/users/felipe.neves/mentorgraphics/sourcery_codebench_lite_for_arm_eabi/bin/../lib/gcc/arm-none-eabi/4.8.1/../../../../arm-none-eabi/lib/thumb2\libc.a(lib_a-svfprintf.o)
                0x08001c68                _svfprintf_r
 *fill*         0x0800311c        0x4 
 .text          0x08003120     0x10d8 c:/users/felipe.neves/mentorgraphics/sourcery_codebench_lite_for_arm_eabi/bin/../lib/gcc/arm-none-eabi/4.8.1/../../../../arm-none-eabi/lib/thumb2\libc.a(lib_a-dtoa.o)
                0x0800326c                _dtoa_r
 .text          0x080041f8       0x9c c:/users/felipe.neves/mentorgraphics/sourcery_codebench_lite_for_arm_eabi/bin/../lib/gcc/arm-none-eabi/4.8.1/../../../../arm-none-eabi/lib/thumb2\libc.a(lib_a-locale.o)
                0x080041f8                _setlocale_r
                0x0800424c                __locale_charset
                0x08004258                __locale_mb_cur_max
                0x08004264                __locale_msgcharset
                0x0800426c                __locale_cjk_lang
                0x08004270                _localeconv_r
                0x08004278                setlocale
                0x0800428c                localeconv
 .text          0x08004294       0x20 c:/users/felipe.neves/mentorgraphics/sourcery_codebench_lite_for_arm_eabi/bin/../lib/gcc/arm-none-eabi/4.8.1/../../../../arm-none-eabi/lib/thumb2\libc.a(lib_a-malloc.o)
                0x08004294                malloc
                0x080042a4                free
 .text          0x080042b4      0x570 c:/users/felipe.neves/mentorgraphics/sourcery_codebench_lite_for_arm_eabi/bin/../lib/gcc/arm-none-eabi/4.8.1/../../../../arm-none-eabi/lib/thumb2\libc.a(lib_a-mallocr.o)
                0x080042b4                _malloc_r
 .text          0x08004824       0x90 c:/users/felipe.neves/mentorgraphics/sourcery_codebench_lite_for_arm_eabi/bin/../lib/gcc/arm-none-eabi/4.8.1/../../../../arm-none-eabi/lib/thumb2\libc.a(lib_a-memchr-stub.o)
                0x08004824                memchr
 .text          0x080048b4       0xa8 c:/users/felipe.neves/mentorgraphics/sourcery_codebench_lite_for_arm_eabi/bin/../lib/gcc/arm-none-eabi/4.8.1/../../../../arm-none-eabi/lib/thumb2\libc.a(lib_a-memcpy-stub.o)
                0x080048b4                memcpy
 .text          0x0800495c        0x8 c:/users/felipe.neves/mentorgraphics/sourcery_codebench_lite_for_arm_eabi/bin/../lib/gcc/arm-none-eabi/4.8.1/../../../../arm-none-eabi/lib/thumb2\libc.a(lib_a-mlock.o)
                0x0800495c                __malloc_lock
                0x08004960                __malloc_unlock
 .text          0x08004964      0x938 c:/users/felipe.neves/mentorgraphics/sourcery_codebench_lite_for_arm_eabi/bin/../lib/gcc/arm-none-eabi/4.8.1/../../../../arm-none-eabi/lib/thumb2\libc.a(lib_a-mprec.o)
                0x08004964                _Balloc
                0x080049d0                _Bfree
                0x08004a08                __multadd
                0x08004a94                __s2b
                0x08004b2c                __hi0bits
                0x08004b68                __lo0bits
                0x08004bc0                __i2b
                0x08004bd4                __multiply
                0x08004d14                __pow5mult
                0x08004dcc                __lshift
                0x08004e84                __mcmp
                0x08004ec8                __mdiff
                0x08004fb4                __ulp
                0x08004ff8                __b2d
                0x080050a4                __d2b
                0x08005160                __ratio
                0x080051c0                _mprec_log10
                0x080051f4                __copybits
                0x0800523c                __any_on
 .text          0x0800529c       0x50 c:/users/felipe.neves/mentorgraphics/sourcery_codebench_lite_for_arm_eabi/bin/../lib/gcc/arm-none-eabi/4.8.1/../../../../arm-none-eabi/lib/thumb2\libc.a(lib_a-s_fpclassify.o)
                0x0800529c                __fpclassifyd
 .text          0x080052ec       0x28 c:/users/felipe.neves/mentorgraphics/sourcery_codebench_lite_for_arm_eabi/bin/../lib/gcc/arm-none-eabi/4.8.1/../../../../arm-none-eabi/lib/thumb2\libc.a(lib_a-sbrkr.o)
                0x080052ec                _sbrk_r
 .text          0x08005314      0x23c c:/users/felipe.neves/mentorgraphics/sourcery_codebench_lite_for_arm_eabi/bin/../lib/gcc/arm-none-eabi/4.8.1/../../../../arm-none-eabi/lib/thumb2\libc.a(lib_a-strcmp.o)
                0x08005314                strcmp
 .text          0x08005550      0xbe0 c:/users/felipe.neves/mentorgraphics/sourcery_codebench_lite_for_arm_eabi/bin/../lib/gcc/arm-none-eabi/4.8.1/../../../../arm-none-eabi/lib/thumb2\libc.a(lib_a-svfiprintf.o)
                0x08005550                __ssprint_r
                0x08005654                _svfiprintf_r
 .text          0x08006130       0x64 c:/users/felipe.neves/mentorgraphics/sourcery_codebench_lite_for_arm_eabi/bin/../lib/gcc/arm-none-eabi/4.8.1/../../../../arm-none-eabi/lib/thumb2\libc.a(lib_a-callocr.o)
                0x08006130                _calloc_r
 .text          0x08006194      0x23c c:/users/felipe.neves/mentorgraphics/sourcery_codebench_lite_for_arm_eabi/bin/../lib/gcc/arm-none-eabi/4.8.1/../../../../arm-none-eabi/lib/thumb2\libc.a(lib_a-freer.o)
                0x08006194                _malloc_trim_r
                0x08006238                _free_r
 .text          0x080063d0       0xd0 c:/users/felipe.neves/mentorgraphics/sourcery_codebench_lite_for_arm_eabi/bin/../lib/gcc/arm-none-eabi/4.8.1/../../../../arm-none-eabi/lib/thumb2\libc.a(lib_a-memmove.o)
                0x080063d0                memmove
 .text          0x080064a0      0x3ec c:/users/felipe.neves/mentorgraphics/sourcery_codebench_lite_for_arm_eabi/bin/../lib/gcc/arm-none-eabi/4.8.1/../../../../arm-none-eabi/lib/thumb2\libc.a(lib_a-reallocr.o)
                0x080064a0                _realloc_r
 *fill*         0x0800688c        0x4 
 .text          0x08006890      0x278 c:/users/felipe.neves/mentorgraphics/sourcery_codebench_lite_for_arm_eabi/bin/../lib/gcc/arm-none-eabi/4.8.1/thumb2\libgcc.a(_udivsi3.o)
                0x08006890                __aeabi_uidiv
                0x08006890                __udivsi3
                0x08006aec                __aeabi_uidivmod
 .text          0x08006b08        0x4 c:/users/felipe.neves/mentorgraphics/sourcery_codebench_lite_for_arm_eabi/bin/../lib/gcc/arm-none-eabi/4.8.1/thumb2\libgcc.a(_dvmd_tls.o)
                0x08006b08                __aeabi_idiv0
                0x08006b08                __aeabi_ldiv0
 .text          0x08006b0c      0x370 c:/users/felipe.neves/mentorgraphics/sourcery_codebench_lite_for_arm_eabi/bin/../lib/gcc/arm-none-eabi/4.8.1/thumb2\libgcc.a(_arm_addsubdf3.o)
                0x08006b0c                __aeabi_drsub
                0x08006b14                __aeabi_dsub
                0x08006b14                __subdf3
                0x08006b18                __aeabi_dadd
                0x08006b18                __adddf3
                0x08006d90                __floatunsidf
                0x08006d90                __aeabi_ui2d
                0x08006db0                __floatsidf
                0x08006db0                __aeabi_i2d
                0x08006dd4                __aeabi_f2d
                0x08006dd4                __extendsfdf2
                0x08006e10                __floatundidf
                0x08006e10                __aeabi_ul2d
                0x08006e20                __floatdidf
                0x08006e20                __aeabi_l2d
 .text          0x08006e7c      0x424 c:/users/felipe.neves/mentorgraphics/sourcery_codebench_lite_for_arm_eabi/bin/../lib/gcc/arm-none-eabi/4.8.1/thumb2\libgcc.a(_arm_muldivdf3.o)
                0x08006e7c                __aeabi_dmul
                0x08006e7c                __muldf3
                0x080070d0                __divdf3
                0x080070d0                __aeabi_ddiv
 .text          0x080072a0      0x110 c:/users/felipe.neves/mentorgraphics/sourcery_codebench_lite_for_arm_eabi/bin/../lib/gcc/arm-none-eabi/4.8.1/thumb2\libgcc.a(_arm_cmpdf2.o)
                0x080072a0                __gtdf2
                0x080072a0                __gedf2
                0x080072a8                __ltdf2
                0x080072a8                __ledf2
                0x080072b0                __nedf2
                0x080072b0                __eqdf2
                0x080072b0                __cmpdf2
                0x0800732c                __aeabi_cdrcmple
                0x0800733c                __aeabi_cdcmpeq
                0x0800733c                __aeabi_cdcmple
                0x0800734c                __aeabi_dcmpeq
                0x08007360                __aeabi_dcmplt
                0x08007374                __aeabi_dcmple
                0x08007388                __aeabi_dcmpge
                0x0800739c                __aeabi_dcmpgt
 .text          0x080073b0       0x50 c:/users/felipe.neves/mentorgraphics/sourcery_codebench_lite_for_arm_eabi/bin/../lib/gcc/arm-none-eabi/4.8.1/thumb2\libgcc.a(_arm_fixdfsi.o)
                0x080073b0                __aeabi_d2iz
                0x080073b0                __fixdfsi
 .text          0x08007400       0x2c c:/users/felipe.neves/mentorgraphics/sourcery_codebench_lite_for_arm_eabi/bin/../lib/gcc/arm-none-eabi/4.8.1/thumb2\libgcc.a(_aeabi_uldivmod.o)
                0x08007400                __aeabi_uldivmod
 .text          0x0800742c       0x60 c:/users/felipe.neves/mentorgraphics/sourcery_codebench_lite_for_arm_eabi/bin/../lib/gcc/arm-none-eabi/4.8.1/thumb2\libgcc.a(bpabi.o)
                0x0800742c                __gnu_ldivmod_helper
                0x0800745c                __gnu_uldivmod_helper
 .text          0x0800748c      0x354 c:/users/felipe.neves/mentorgraphics/sourcery_codebench_lite_for_arm_eabi/bin/../lib/gcc/arm-none-eabi/4.8.1/thumb2\libgcc.a(_divdi3.o)
                0x0800748c                __divdi3
 .text          0x080077e0      0x300 c:/users/felipe.neves/mentorgraphics/sourcery_codebench_lite_for_arm_eabi/bin/../lib/gcc/arm-none-eabi/4.8.1/thumb2\libgcc.a(_udivdi3.o)
                0x080077e0                __udivdi3
 *(.rodata .rodata.*)
 .rodata.abLeastBitMap
                0x08007ae0      0x100 ./uLipeRTOSv2/uLipe_Core.o
                0x08007ae0                abLeastBitMap
 .rodata.str1.4
                0x08007be0        0xe ./uLipeRTOSv2/uLipe_Core.o
                                 0x10 (size before relaxing)
 *fill*         0x08007bee        0x2 
 .rodata.abBitPrioMask
                0x08007bf0        0x8 ./uLipeRTOSv2/uLipe_Core.o
                0x08007bf0                abBitPrioMask
 .rodata.abBitMask
                0x08007bf8        0x8 ./uLipeRTOSv2/uLipe_List.o
                0x08007bf8                abBitMask
 .rodata.str1.4
                0x08007c00       0x31 ./system/src/stm32f4-hal/stm32f4xx_hal_cortex.o
                                 0x34 (size before relaxing)
 *fill*         0x08007c31        0x3 
 .rodata.APBAHBPrescTable
                0x08007c34       0x10 ./system/src/stm32f4-hal/stm32f4xx_hal_rcc.o
                0x08007c34                APBAHBPrescTable
 .rodata.str1.4
                0x08007c44       0x2e ./system/src/stm32f4-hal/stm32f4xx_hal_rcc.o
                                 0x30 (size before relaxing)
 *fill*         0x08007c72        0x2 
 .rodata.str1.4
                0x08007c74       0x14 ./system/src/newlib/_exit.o
 .rodata.str1.4
                0x08007c88       0x6b ./system/src/newlib/assert.o
                                 0x70 (size before relaxing)
 *fill*         0x08007cf3        0x1 
 .rodata.str1.4
                0x08007cf4       0x2d ./system/src/diag/Trace.o
                                 0x30 (size before relaxing)
 *fill*         0x08007d21        0x3 
 .rodata.str1.4
                0x08007d24       0x1f ./src/main.o
                                 0x20 (size before relaxing)
 *fill*         0x08007d43        0x1 
 .rodata.str1.4
                0x08007d44        0x2 c:/users/felipe.neves/mentorgraphics/sourcery_codebench_lite_for_arm_eabi/bin/../lib/gcc/arm-none-eabi/4.8.1/../../../../arm-none-eabi/lib/thumb2\libc.a(lib_a-impure.o)
                                  0x4 (size before relaxing)
 *fill*         0x08007d46        0x2 
 .rodata        0x08007d48       0x20 c:/users/felipe.neves/mentorgraphics/sourcery_codebench_lite_for_arm_eabi/bin/../lib/gcc/arm-none-eabi/4.8.1/../../../../arm-none-eabi/lib/thumb2\libc.a(lib_a-svfprintf.o)
 .rodata.str1.4
                0x08007d68       0x42 c:/users/felipe.neves/mentorgraphics/sourcery_codebench_lite_for_arm_eabi/bin/../lib/gcc/arm-none-eabi/4.8.1/../../../../arm-none-eabi/lib/thumb2\libc.a(lib_a-svfprintf.o)
                                 0x44 (size before relaxing)
 *fill*         0x08007daa        0x2 
 .rodata.str1.4
                0x08007dac       0x10 c:/users/felipe.neves/mentorgraphics/sourcery_codebench_lite_for_arm_eabi/bin/../lib/gcc/arm-none-eabi/4.8.1/../../../../arm-none-eabi/lib/thumb2\libc.a(lib_a-dtoa.o)
                                 0x14 (size before relaxing)
 .rodata.str1.4
                0x08007dbc        0xc c:/users/felipe.neves/mentorgraphics/sourcery_codebench_lite_for_arm_eabi/bin/../lib/gcc/arm-none-eabi/4.8.1/../../../../arm-none-eabi/lib/thumb2\libc.a(lib_a-locale.o)
                                 0x14 (size before relaxing)
 .rodata        0x08007dc8      0x128 c:/users/felipe.neves/mentorgraphics/sourcery_codebench_lite_for_arm_eabi/bin/../lib/gcc/arm-none-eabi/4.8.1/../../../../arm-none-eabi/lib/thumb2\libc.a(lib_a-mprec.o)
                0x08007dd8                __mprec_tens
                0x08007ea0                __mprec_tinytens
                0x08007ec8                __mprec_bigtens
 .rodata        0x08007ef0       0x20 c:/users/felipe.neves/mentorgraphics/sourcery_codebench_lite_for_arm_eabi/bin/../lib/gcc/arm-none-eabi/4.8.1/../../../../arm-none-eabi/lib/thumb2\libc.a(lib_a-svfiprintf.o)
 .rodata.str1.4
                0x00000000       0x30 c:/users/felipe.neves/mentorgraphics/sourcery_codebench_lite_for_arm_eabi/bin/../lib/gcc/arm-none-eabi/4.8.1/../../../../arm-none-eabi/lib/thumb2\libc.a(lib_a-svfiprintf.o)
 *(vtable)
 *(.eh_frame*)
 *(.glue_7)
 .glue_7        0x00000000        0x0 linker stubs
 *(.glue_7t)
 .glue_7t       0x00000000        0x0 linker stubs

.vfp11_veneer   0x08007f10        0x0
 .vfp11_veneer  0x00000000        0x0 linker stubs

.v4_bx          0x08007f10        0x0
 .v4_bx         0x00000000        0x0 linker stubs

.iplt           0x08007f10        0x0
 .iplt          0x00000000        0x0 ./uLipeRTOSv2/Portable/GNU_GCC/ARMCM4F/AsmStuff.o

.ARM.extab
 *(.ARM.extab* .gnu.linkonce.armextab.*)
                0x08007f10                __exidx_start = .

.ARM.exidx      0x08007f10        0x8
 *(.ARM.exidx* .gnu.linkonce.armexidx.*)
 .ARM.exidx     0x08007f10        0x8 c:/users/felipe.neves/mentorgraphics/sourcery_codebench_lite_for_arm_eabi/bin/../lib/gcc/arm-none-eabi/4.8.1/thumb2\libgcc.a(_divdi3.o)
 .ARM.exidx     0x08007f18        0x0 c:/users/felipe.neves/mentorgraphics/sourcery_codebench_lite_for_arm_eabi/bin/../lib/gcc/arm-none-eabi/4.8.1/thumb2\libgcc.a(_udivdi3.o)
                                  0x8 (size before relaxing)
                0x08007f18                __exidx_end = .

.rel.dyn        0x08007f18        0x0
 .rel.iplt      0x00000000        0x0 ./uLipeRTOSv2/Portable/GNU_GCC/ARMCM4F/AsmStuff.o
                0x08007f18                . = ALIGN (0x4)
                0x08007f18                _etext = .
                0x08007f18                __etext = .
                0x08007f18                _sidata = _etext

.data           0x20000000      0x598 load address 0x08007f18
                0x20000000                . = ALIGN (0x4)
                0x20000000                _sdata = .
                0x20000000                __data_start__ = .
 *(.data_begin .data_begin.*)
 .data_begin    0x20000000        0x4 ./system/src/newlib/_startup.o
 *(.data .data.*)
 .data.bScheduleFlag
                0x20000004        0x1 ./uLipeRTOSv2/uLipe_Core.o
                0x20000004                bScheduleFlag
 *fill*         0x20000005        0x3 
 .data.argv.4469
                0x20000008        0x8 ./system/src/newlib/_syscalls.o
 .data.SystemCoreClock
                0x20000010        0x4 ./system/src/cmsis/system_stm32f4xx.o
                0x20000010                SystemCoreClock
 .data          0x20000014       0xf4 c:/users/felipe.neves/mentorgraphics/sourcery_codebench_lite_for_arm_eabi/bin/../lib/gcc/arm-none-eabi/4.8.1/../../../../arm-none-eabi/lib/thumb2\libc.a(lib_a-impure.o)
                0x20000014                _impure_ptr
 .data          0x20000108       0x7c c:/users/felipe.neves/mentorgraphics/sourcery_codebench_lite_for_arm_eabi/bin/../lib/gcc/arm-none-eabi/4.8.1/../../../../arm-none-eabi/lib/thumb2\libc.a(lib_a-locale.o)
                0x20000128                __mb_cur_max
 .data          0x20000184      0x410 c:/users/felipe.neves/mentorgraphics/sourcery_codebench_lite_for_arm_eabi/bin/../lib/gcc/arm-none-eabi/4.8.1/../../../../arm-none-eabi/lib/thumb2\libc.a(lib_a-mallocr.o)
                0x20000184                __malloc_av_
                0x2000058c                __malloc_sbrk_base
                0x20000590                __malloc_trim_threshold
 *(.data_end .data_end.*)
 .data_end      0x20000594        0x4 ./system/src/newlib/_startup.o
                0x20000598                . = ALIGN (0x4)
                0x20000598                _edata = .
                0x20000598                __data_end__ = .

.igot.plt       0x20000598        0x0 load address 0x080084b0
 .igot.plt      0x00000000        0x0 ./uLipeRTOSv2/Portable/GNU_GCC/ARMCM4F/AsmStuff.o

.bss            0x20000598     0x1d34 load address 0x080084b0
                0x20000598                . = ALIGN (0x4)
                0x20000598                __bss_start__ = .
                0x20000598                _sbss = .
 *(.bss_begin .bss_begin.*)
 .bss_begin     0x20000598        0x4 ./system/src/newlib/_startup.o
 *(.bss .bss.*)
 .bss.bOsEnable
                0x2000059c        0x1 ./uLipeRTOSv2/uLipe_Core.o
                0x2000059c                bOsEnable
 *fill*         0x2000059d        0x3 
 .bss.dTickCounter
                0x200005a0        0x4 ./uLipeRTOSv2/uLipe_Core.o
                0x200005a0                dTickCounter
 .bss.pxHighReadyTask
                0x200005a4        0x4 ./uLipeRTOSv2/uLipe_Core.o
                0x200005a4                pxHighReadyTask
 .bss.bReadyGroup
                0x200005a8        0x1 ./uLipeRTOSv2/uLipe_Core.o
                0x200005a8                bReadyGroup
 *fill*         0x200005a9        0x3 
 .bss.pxCurrentTask
                0x200005ac        0x4 ./uLipeRTOSv2/uLipe_Core.o
                0x200005ac                pxCurrentTask
 .bss.uwTick    0x200005b0        0x4 ./system/src/stm32f4-hal/stm32f4xx_hal.o
 .bss.current_heap_end.4295
                0x200005b4        0x4 ./system/src/newlib/_sbrk.o
 .bss.name.4468
                0x200005b8        0x4 ./system/src/newlib/_syscalls.o
 .bss.buf.5380  0x200005bc       0x80 ./system/src/diag/Trace.o
 .bss.bButtonState
                0x2000063c        0x1 ./src/ButtonTask.o
                0x2000063c                bButtonState
 *fill*         0x2000063d        0x3 
 .bss           0x20000640       0x34 c:/users/felipe.neves/mentorgraphics/sourcery_codebench_lite_for_arm_eabi/bin/../lib/gcc/arm-none-eabi/4.8.1/../../../../arm-none-eabi/lib/thumb2\libc.a(lib_a-mallocr.o)
                0x20000640                __malloc_top_pad
                0x20000644                __malloc_current_mallinfo
                0x2000066c                __malloc_max_sbrked_mem
                0x20000670                __malloc_max_total_mem
 *(COMMON)
 COMMON         0x20000674      0x108 ./uLipeRTOSv2/uLipe_Core.o
                0x20000674                abReadyListGrp
                0x2000067c                axIdleTaskStack
 COMMON         0x2000077c      0x401 ./uLipeRTOSv2/uLipe_Flags.o
                0x2000077c                axFlagsTbl
                0x20000b7c                bFlagsUsed
 *fill*         0x20000b7d        0x3 
 COMMON         0x20000b80       0x3c ./uLipeRTOSv2/uLipe_Mutex.o
                0x20000b80                bMtxUsed
                0x20000b84                axMtxTbl
 COMMON         0x20000bbc     0x1104 ./uLipeRTOSv2/uLipe_Task.o
                0x20000bbc                bTasksInstalled
                0x20000bc0                axTaskList
 COMMON         0x20001cc0        0x4 ./system/src/newlib/_syscalls.o
                0x20001cc0                errno
 COMMON         0x20001cc4      0x100 ./src/ButtonTask.o
                0x20001cc4                axButtonTaskStack
 COMMON         0x20001dc4      0x400 ./src/DisplayTask.o
                0x20001dc4                axDisplayTaskStack
 COMMON         0x200021c4      0x104 ./src/LedTask.o
                0x200021c4                pxLedsFlag
                0x200021c8                axLedTaskStack
 *(.bss_end .bss_end.*)
 .bss_end       0x200022c8        0x4 ./system/src/newlib/_startup.o
                0x200022cc                . = ALIGN (0x4)
                0x200022cc                __bss_end__ = .
                0x200022cc                _ebss = .

.noinit         0x200022cc        0x0
                0x200022cc                . = ALIGN (0x4)
                0x200022cc                _noinit = .
 *(.noinit .noinit.*)
                0x200022cc                . = ALIGN (0x4)
                0x200022cc                _end_noinit = .
                0x200022cc                PROVIDE (end, _end_noinit)
                0x200022cc                PROVIDE (_end, _end_noinit)
                0x200022cc                PROVIDE (__end, _end_noinit)
                0x200022cc                PROVIDE (__end__, _end_noinit)

._check_stack   0x200022cc      0x100 load address 0x0800a1e4
                0x200022cc                . = ALIGN (0x4)
                0x200023cc                . = (. + _Minimum_Stack_Size)
 *fill*         0x200022cc      0x100 
                0x200023cc                . = ALIGN (0x4)

.bss_CCMRAM
 *(.bss.CCMRAM .bss.CCMRAM.*)

.b1text
 *(.b1text)
 *(.b1rodata)
 *(.b1rodata.*)

.eb0text
 *(.eb0text)
 *(.eb0rodata)
 *(.eb0rodata.*)

.eb1text
 *(.eb1text)
 *(.eb1rodata)
 *(.eb1rodata.*)

.eb2text
 *(.eb2text)
 *(.eb2rodata)
 *(.eb2rodata.*)

.eb3text
 *(.eb3text)
 *(.eb3rodata)
 *(.eb3rodata.*)

.stab
 *(.stab)

.stabstr
 *(.stabstr)

.stab.excl
 *(.stab.excl)

.stab.exclstr
 *(.stab.exclstr)

.stab.index
 *(.stab.index)

.stab.indexstr
 *(.stab.indexstr)

.comment        0x00000000       0x30
 *(.comment)
 .comment       0x00000000       0x30 ./uLipeRTOSv2/uLipe_Core.o
                                 0x31 (size before relaxing)
 .comment       0x00000000       0x31 ./uLipeRTOSv2/uLipe_Flags.o
 .comment       0x00000000       0x31 ./uLipeRTOSv2/uLipe_List.o
 .comment       0x00000000       0x31 ./uLipeRTOSv2/uLipe_Mutex.o
 .comment       0x00000000       0x31 ./uLipeRTOSv2/uLipe_Task.o
 .comment       0x00000000       0x31 ./system/src/stm32f4-hal/stm32f4xx_hal.o
 .comment       0x00000000       0x31 ./system/src/stm32f4-hal/stm32f4xx_hal_cortex.o
 .comment       0x00000000       0x31 ./system/src/stm32f4-hal/stm32f4xx_hal_rcc.o
 .comment       0x00000000       0x31 ./system/src/newlib/_exit.o
 .comment       0x00000000       0x31 ./system/src/newlib/_sbrk.o
 .comment       0x00000000       0x31 ./system/src/newlib/_startup.o
 .comment       0x00000000       0x31 ./system/src/newlib/_syscalls.o
 .comment       0x00000000       0x31 ./system/src/newlib/assert.o
 .comment       0x00000000       0x31 ./system/src/diag/Trace.o
 .comment       0x00000000       0x31 ./system/src/diag/trace_impl.o
 .comment       0x00000000       0x31 ./system/src/cortexm/exception_handlers.o
 .comment       0x00000000       0x31 ./system/src/cmsis/system_stm32f4xx.o
 .comment       0x00000000       0x31 ./system/src/cmsis/vectors_stm32f4xx.o
 .comment       0x00000000       0x31 ./src/ButtonTask.o
 .comment       0x00000000       0x31 ./src/DisplayTask.o
 .comment       0x00000000       0x31 ./src/LedTask.o
 .comment       0x00000000       0x31 ./src/_initialize_hardware.o
 .comment       0x00000000       0x31 ./src/main.o

.ARM.attributes
                0x00000000       0x2f
 .ARM.attributes
                0x00000000       0x21 ./uLipeRTOSv2/Portable/GNU_GCC/ARMCM4F/AsmStuff.o
 .ARM.attributes
                0x00000021       0x33 ./uLipeRTOSv2/uLipe_Core.o
 .ARM.attributes
                0x00000054       0x33 ./uLipeRTOSv2/uLipe_Flags.o
 .ARM.attributes
                0x00000087       0x33 ./uLipeRTOSv2/uLipe_List.o
 .ARM.attributes
                0x000000ba       0x33 ./uLipeRTOSv2/uLipe_Mutex.o
 .ARM.attributes
                0x000000ed       0x33 ./uLipeRTOSv2/uLipe_Task.o
 .ARM.attributes
                0x00000120       0x33 ./system/src/stm32f4-hal/stm32f4xx_hal.o
 .ARM.attributes
                0x00000153       0x33 ./system/src/stm32f4-hal/stm32f4xx_hal_cortex.o
 .ARM.attributes
                0x00000186       0x33 ./system/src/stm32f4-hal/stm32f4xx_hal_rcc.o
 .ARM.attributes
                0x000001b9       0x33 ./system/src/newlib/_exit.o
 .ARM.attributes
                0x000001ec       0x33 ./system/src/newlib/_sbrk.o
 .ARM.attributes
                0x0000021f       0x33 ./system/src/newlib/_startup.o
 .ARM.attributes
                0x00000252       0x33 ./system/src/newlib/_syscalls.o
 .ARM.attributes
                0x00000285       0x33 ./system/src/newlib/assert.o
 .ARM.attributes
                0x000002b8       0x33 ./system/src/diag/Trace.o
 .ARM.attributes
                0x000002eb       0x33 ./system/src/diag/trace_impl.o
 .ARM.attributes
                0x0000031e       0x33 ./system/src/cortexm/exception_handlers.o
 .ARM.attributes
                0x00000351       0x33 ./system/src/cmsis/system_stm32f4xx.o
 .ARM.attributes
                0x00000384       0x33 ./system/src/cmsis/vectors_stm32f4xx.o
 .ARM.attributes
                0x000003b7       0x33 ./src/ButtonTask.o
 .ARM.attributes
                0x000003ea       0x33 ./src/DisplayTask.o
 .ARM.attributes
                0x0000041d       0x33 ./src/LedTask.o
 .ARM.attributes
                0x00000450       0x33 ./src/_initialize_hardware.o
 .ARM.attributes
                0x00000483       0x33 ./src/main.o
 .ARM.attributes
                0x000004b6       0x29 c:/users/felipe.neves/mentorgraphics/sourcery_codebench_lite_for_arm_eabi/bin/../lib/gcc/arm-none-eabi/4.8.1/../../../../arm-none-eabi/lib/thumb2\libc.a(lib_a-errno.o)
 .ARM.attributes
                0x000004df       0x29 c:/users/felipe.neves/mentorgraphics/sourcery_codebench_lite_for_arm_eabi/bin/../lib/gcc/arm-none-eabi/4.8.1/../../../../arm-none-eabi/lib/thumb2\libc.a(lib_a-impure.o)
 .ARM.attributes
                0x00000508       0x29 c:/users/felipe.neves/mentorgraphics/sourcery_codebench_lite_for_arm_eabi/bin/../lib/gcc/arm-none-eabi/4.8.1/../../../../arm-none-eabi/lib/thumb2\libc.a(lib_a-memset.o)
 .ARM.attributes
                0x00000531       0x29 c:/users/felipe.neves/mentorgraphics/sourcery_codebench_lite_for_arm_eabi/bin/../lib/gcc/arm-none-eabi/4.8.1/../../../../arm-none-eabi/lib/thumb2\libc.a(lib_a-strlen.o)
 .ARM.attributes
                0x0000055a       0x29 c:/users/felipe.neves/mentorgraphics/sourcery_codebench_lite_for_arm_eabi/bin/../lib/gcc/arm-none-eabi/4.8.1/../../../../arm-none-eabi/lib/thumb2\libc.a(lib_a-vsnprintf.o)
 .ARM.attributes
                0x00000583       0x29 c:/users/felipe.neves/mentorgraphics/sourcery_codebench_lite_for_arm_eabi/bin/../lib/gcc/arm-none-eabi/4.8.1/../../../../arm-none-eabi/lib/thumb2\libc.a(lib_a-svfprintf.o)
 .ARM.attributes
                0x000005ac       0x29 c:/users/felipe.neves/mentorgraphics/sourcery_codebench_lite_for_arm_eabi/bin/../lib/gcc/arm-none-eabi/4.8.1/../../../../arm-none-eabi/lib/thumb2\libc.a(lib_a-dtoa.o)
 .ARM.attributes
                0x000005d5       0x29 c:/users/felipe.neves/mentorgraphics/sourcery_codebench_lite_for_arm_eabi/bin/../lib/gcc/arm-none-eabi/4.8.1/../../../../arm-none-eabi/lib/thumb2\libc.a(lib_a-locale.o)
 .ARM.attributes
                0x000005fe       0x29 c:/users/felipe.neves/mentorgraphics/sourcery_codebench_lite_for_arm_eabi/bin/../lib/gcc/arm-none-eabi/4.8.1/../../../../arm-none-eabi/lib/thumb2\libc.a(lib_a-malloc.o)
 .ARM.attributes
                0x00000627       0x29 c:/users/felipe.neves/mentorgraphics/sourcery_codebench_lite_for_arm_eabi/bin/../lib/gcc/arm-none-eabi/4.8.1/../../../../arm-none-eabi/lib/thumb2\libc.a(lib_a-mallocr.o)
 .ARM.attributes
                0x00000650       0x29 c:/users/felipe.neves/mentorgraphics/sourcery_codebench_lite_for_arm_eabi/bin/../lib/gcc/arm-none-eabi/4.8.1/../../../../arm-none-eabi/lib/thumb2\libc.a(lib_a-memchr-stub.o)
 .ARM.attributes
                0x00000679       0x29 c:/users/felipe.neves/mentorgraphics/sourcery_codebench_lite_for_arm_eabi/bin/../lib/gcc/arm-none-eabi/4.8.1/../../../../arm-none-eabi/lib/thumb2\libc.a(lib_a-memcpy-stub.o)
 .ARM.attributes
                0x000006a2       0x29 c:/users/felipe.neves/mentorgraphics/sourcery_codebench_lite_for_arm_eabi/bin/../lib/gcc/arm-none-eabi/4.8.1/../../../../arm-none-eabi/lib/thumb2\libc.a(lib_a-mlock.o)
 .ARM.attributes
                0x000006cb       0x29 c:/users/felipe.neves/mentorgraphics/sourcery_codebench_lite_for_arm_eabi/bin/../lib/gcc/arm-none-eabi/4.8.1/../../../../arm-none-eabi/lib/thumb2\libc.a(lib_a-mprec.o)
 .ARM.attributes
                0x000006f4       0x29 c:/users/felipe.neves/mentorgraphics/sourcery_codebench_lite_for_arm_eabi/bin/../lib/gcc/arm-none-eabi/4.8.1/../../../../arm-none-eabi/lib/thumb2\libc.a(lib_a-s_fpclassify.o)
 .ARM.attributes
                0x0000071d       0x29 c:/users/felipe.neves/mentorgraphics/sourcery_codebench_lite_for_arm_eabi/bin/../lib/gcc/arm-none-eabi/4.8.1/../../../../arm-none-eabi/lib/thumb2\libc.a(lib_a-sbrkr.o)
 .ARM.attributes
                0x00000746       0x17 c:/users/felipe.neves/mentorgraphics/sourcery_codebench_lite_for_arm_eabi/bin/../lib/gcc/arm-none-eabi/4.8.1/../../../../arm-none-eabi/lib/thumb2\libc.a(lib_a-strcmp.o)
 .ARM.attributes
                0x0000075d       0x29 c:/users/felipe.neves/mentorgraphics/sourcery_codebench_lite_for_arm_eabi/bin/../lib/gcc/arm-none-eabi/4.8.1/../../../../arm-none-eabi/lib/thumb2\libc.a(lib_a-svfiprintf.o)
 .ARM.attributes
                0x00000786       0x29 c:/users/felipe.neves/mentorgraphics/sourcery_codebench_lite_for_arm_eabi/bin/../lib/gcc/arm-none-eabi/4.8.1/../../../../arm-none-eabi/lib/thumb2\libc.a(lib_a-callocr.o)
 .ARM.attributes
                0x000007af       0x29 c:/users/felipe.neves/mentorgraphics/sourcery_codebench_lite_for_arm_eabi/bin/../lib/gcc/arm-none-eabi/4.8.1/../../../../arm-none-eabi/lib/thumb2\libc.a(lib_a-freer.o)
 .ARM.attributes
                0x000007d8       0x29 c:/users/felipe.neves/mentorgraphics/sourcery_codebench_lite_for_arm_eabi/bin/../lib/gcc/arm-none-eabi/4.8.1/../../../../arm-none-eabi/lib/thumb2\libc.a(lib_a-memmove.o)
 .ARM.attributes
                0x00000801       0x29 c:/users/felipe.neves/mentorgraphics/sourcery_codebench_lite_for_arm_eabi/bin/../lib/gcc/arm-none-eabi/4.8.1/../../../../arm-none-eabi/lib/thumb2\libc.a(lib_a-reallocr.o)
 .ARM.attributes
                0x0000082a       0x19 c:/users/felipe.neves/mentorgraphics/sourcery_codebench_lite_for_arm_eabi/bin/../lib/gcc/arm-none-eabi/4.8.1/thumb2\libgcc.a(_udivsi3.o)
 .ARM.attributes
                0x00000843       0x19 c:/users/felipe.neves/mentorgraphics/sourcery_codebench_lite_for_arm_eabi/bin/../lib/gcc/arm-none-eabi/4.8.1/thumb2\libgcc.a(_dvmd_tls.o)
 .ARM.attributes
                0x0000085c       0x19 c:/users/felipe.neves/mentorgraphics/sourcery_codebench_lite_for_arm_eabi/bin/../lib/gcc/arm-none-eabi/4.8.1/thumb2\libgcc.a(_arm_addsubdf3.o)
 .ARM.attributes
                0x00000875       0x19 c:/users/felipe.neves/mentorgraphics/sourcery_codebench_lite_for_arm_eabi/bin/../lib/gcc/arm-none-eabi/4.8.1/thumb2\libgcc.a(_arm_muldivdf3.o)
 .ARM.attributes
                0x0000088e       0x19 c:/users/felipe.neves/mentorgraphics/sourcery_codebench_lite_for_arm_eabi/bin/../lib/gcc/arm-none-eabi/4.8.1/thumb2\libgcc.a(_arm_cmpdf2.o)
 .ARM.attributes
                0x000008a7       0x19 c:/users/felipe.neves/mentorgraphics/sourcery_codebench_lite_for_arm_eabi/bin/../lib/gcc/arm-none-eabi/4.8.1/thumb2\libgcc.a(_arm_fixdfsi.o)
 .ARM.attributes
                0x000008c0       0x19 c:/users/felipe.neves/mentorgraphics/sourcery_codebench_lite_for_arm_eabi/bin/../lib/gcc/arm-none-eabi/4.8.1/thumb2\libgcc.a(_aeabi_uldivmod.o)
 .ARM.attributes
                0x000008d9       0x29 c:/users/felipe.neves/mentorgraphics/sourcery_codebench_lite_for_arm_eabi/bin/../lib/gcc/arm-none-eabi/4.8.1/thumb2\libgcc.a(bpabi.o)
 .ARM.attributes
                0x00000902       0x29 c:/users/felipe.neves/mentorgraphics/sourcery_codebench_lite_for_arm_eabi/bin/../lib/gcc/arm-none-eabi/4.8.1/thumb2\libgcc.a(_divdi3.o)
 .ARM.attributes
                0x0000092b       0x29 c:/users/felipe.neves/mentorgraphics/sourcery_codebench_lite_for_arm_eabi/bin/../lib/gcc/arm-none-eabi/4.8.1/thumb2\libgcc.a(_udivdi3.o)

.debug
 *(.debug)

.line
 *(.line)

.debug_srcinfo
 *(.debug_srcinfo)

.debug_sfnames
 *(.debug_sfnames)

.debug_aranges  0x00000000      0x6f8
 *(.debug_aranges)
 .debug_aranges
                0x00000000       0x20 ./uLipeRTOSv2/Portable/GNU_GCC/ARMCM4F/AsmStuff.o
 .debug_aranges
                0x00000020       0x98 ./uLipeRTOSv2/uLipe_Core.o
 .debug_aranges
                0x000000b8       0x40 ./uLipeRTOSv2/uLipe_Flags.o
 .debug_aranges
                0x000000f8       0x30 ./uLipeRTOSv2/uLipe_List.o
 .debug_aranges
                0x00000128       0x48 ./uLipeRTOSv2/uLipe_Mutex.o
 .debug_aranges
                0x00000170       0x48 ./uLipeRTOSv2/uLipe_Task.o
 .debug_aranges
                0x000001b8       0xb8 ./system/src/stm32f4-hal/stm32f4xx_hal.o
 .debug_aranges
                0x00000270       0x90 ./system/src/stm32f4-hal/stm32f4xx_hal_cortex.o
 .debug_aranges
                0x00000300       0x88 ./system/src/stm32f4-hal/stm32f4xx_hal_rcc.o
 .debug_aranges
                0x00000388       0x28 ./system/src/newlib/_exit.o
 .debug_aranges
                0x000003b0       0x20 ./system/src/newlib/_sbrk.o
 .debug_aranges
                0x000003d0       0x40 ./system/src/newlib/_startup.o
 .debug_aranges
                0x00000410       0xd0 ./system/src/newlib/_syscalls.o
 .debug_aranges
                0x000004e0       0x28 ./system/src/newlib/assert.o
 .debug_aranges
                0x00000508       0x38 ./system/src/diag/Trace.o
 .debug_aranges
                0x00000540       0x30 ./system/src/diag/trace_impl.o
 .debug_aranges
                0x00000570       0x68 ./system/src/cortexm/exception_handlers.o
 .debug_aranges
                0x000005d8       0x28 ./system/src/cmsis/system_stm32f4xx.o
 .debug_aranges
                0x00000600       0x20 ./system/src/cmsis/vectors_stm32f4xx.o
 .debug_aranges
                0x00000620       0x30 ./src/ButtonTask.o
 .debug_aranges
                0x00000650       0x28 ./src/DisplayTask.o
 .debug_aranges
                0x00000678       0x38 ./src/LedTask.o
 .debug_aranges
                0x000006b0       0x28 ./src/_initialize_hardware.o
 .debug_aranges
                0x000006d8       0x20 ./src/main.o

.debug_pubnames
 *(.debug_pubnames)

.debug_info     0x00000000     0x7fd0
 *(.debug_info .gnu.linkonce.wi.*)
 .debug_info    0x00000000       0x96 ./uLipeRTOSv2/Portable/GNU_GCC/ARMCM4F/AsmStuff.o
 .debug_info    0x00000096      0x8f7 ./uLipeRTOSv2/uLipe_Core.o
 .debug_info    0x0000098d      0x74a ./uLipeRTOSv2/uLipe_Flags.o
 .debug_info    0x000010d7      0x27a ./uLipeRTOSv2/uLipe_List.o
 .debug_info    0x00001351      0x774 ./uLipeRTOSv2/uLipe_Mutex.o
 .debug_info    0x00001ac5      0x5ce ./uLipeRTOSv2/uLipe_Task.o
 .debug_info    0x00002093      0x594 ./system/src/stm32f4-hal/stm32f4xx_hal.o
 .debug_info    0x00002627      0xdad ./system/src/stm32f4-hal/stm32f4xx_hal_cortex.o
 .debug_info    0x000033d4     0x1826 ./system/src/stm32f4-hal/stm32f4xx_hal_rcc.o
 .debug_info    0x00004bfa      0x100 ./system/src/newlib/_exit.o
 .debug_info    0x00004cfa      0x125 ./system/src/newlib/_sbrk.o
 .debug_info    0x00004e1f      0x45e ./system/src/newlib/_startup.o
 .debug_info    0x0000527d      0x8f3 ./system/src/newlib/_syscalls.o
 .debug_info    0x00005b70      0x1cb ./system/src/newlib/assert.o
 .debug_info    0x00005d3b      0x325 ./system/src/diag/Trace.o
 .debug_info    0x00006060      0x3d2 ./system/src/diag/trace_impl.o
 .debug_info    0x00006432       0xe9 ./system/src/cortexm/exception_handlers.o
 .debug_info    0x0000651b      0x4a0 ./system/src/cmsis/system_stm32f4xx.o
 .debug_info    0x000069bb       0xdf ./system/src/cmsis/vectors_stm32f4xx.o
 .debug_info    0x00006a9a      0x4ab ./src/ButtonTask.o
 .debug_info    0x00006f45      0x2a7 ./src/DisplayTask.o
 .debug_info    0x000071ec      0x665 ./src/LedTask.o
 .debug_info    0x00007851      0x4bf ./src/_initialize_hardware.o
 .debug_info    0x00007d10      0x2c0 ./src/main.o

.debug_abbrev   0x00000000     0x225a
 *(.debug_abbrev)
 .debug_abbrev  0x00000000       0x14 ./uLipeRTOSv2/Portable/GNU_GCC/ARMCM4F/AsmStuff.o
 .debug_abbrev  0x00000014      0x26d ./uLipeRTOSv2/uLipe_Core.o
 .debug_abbrev  0x00000281      0x219 ./uLipeRTOSv2/uLipe_Flags.o
 .debug_abbrev  0x0000049a       0xe8 ./uLipeRTOSv2/uLipe_List.o
 .debug_abbrev  0x00000582      0x20c ./uLipeRTOSv2/uLipe_Mutex.o
 .debug_abbrev  0x0000078e      0x1f2 ./uLipeRTOSv2/uLipe_Task.o
 .debug_abbrev  0x00000980      0x1b0 ./system/src/stm32f4-hal/stm32f4xx_hal.o
 .debug_abbrev  0x00000b30      0x2bb ./system/src/stm32f4-hal/stm32f4xx_hal_cortex.o
 .debug_abbrev  0x00000deb      0x2d9 ./system/src/stm32f4-hal/stm32f4xx_hal_rcc.o
 .debug_abbrev  0x000010c4       0xa4 ./system/src/newlib/_exit.o
 .debug_abbrev  0x00001168       0xbb ./system/src/newlib/_sbrk.o
 .debug_abbrev  0x00001223      0x1da ./system/src/newlib/_startup.o
 .debug_abbrev  0x000013fd      0x178 ./system/src/newlib/_syscalls.o
 .debug_abbrev  0x00001575       0xc9 ./system/src/newlib/assert.o
 .debug_abbrev  0x0000163e      0x178 ./system/src/diag/Trace.o
 .debug_abbrev  0x000017b6      0x188 ./system/src/diag/trace_impl.o
 .debug_abbrev  0x0000193e       0x65 ./system/src/cortexm/exception_handlers.o
 .debug_abbrev  0x000019a3      0x104 ./system/src/cmsis/system_stm32f4xx.o
 .debug_abbrev  0x00001aa7       0x9d ./system/src/cmsis/vectors_stm32f4xx.o
 .debug_abbrev  0x00001b44      0x143 ./src/ButtonTask.o
 .debug_abbrev  0x00001c87      0x158 ./src/DisplayTask.o
 .debug_abbrev  0x00001ddf      0x1c8 ./src/LedTask.o
 .debug_abbrev  0x00001fa7      0x17e ./src/_initialize_hardware.o
 .debug_abbrev  0x00002125      0x135 ./src/main.o

.debug_line     0x00000000     0x8088
 *(.debug_line)
 .debug_line    0x00000000       0xcd ./uLipeRTOSv2/Portable/GNU_GCC/ARMCM4F/AsmStuff.o
 .debug_line    0x000000cd      0x610 ./uLipeRTOSv2/uLipe_Core.o
 .debug_line    0x000006dd      0x5a2 ./uLipeRTOSv2/uLipe_Flags.o
 .debug_line    0x00000c7f      0x4e2 ./uLipeRTOSv2/uLipe_List.o
 .debug_line    0x00001161      0x598 ./uLipeRTOSv2/uLipe_Mutex.o
 .debug_line    0x000016f9      0x575 ./uLipeRTOSv2/uLipe_Task.o
 .debug_line    0x00001c6e      0x97a ./system/src/stm32f4-hal/stm32f4xx_hal.o
 .debug_line    0x000025e8      0x9c4 ./system/src/stm32f4-hal/stm32f4xx_hal_cortex.o
 .debug_line    0x00002fac      0xcb8 ./system/src/stm32f4-hal/stm32f4xx_hal_rcc.o
 .debug_line    0x00003c64      0x302 ./system/src/newlib/_exit.o
 .debug_line    0x00003f66      0x2b4 ./system/src/newlib/_sbrk.o
 .debug_line    0x0000421a      0x36b ./system/src/newlib/_startup.o
 .debug_line    0x00004585      0x530 ./system/src/newlib/_syscalls.o
 .debug_line    0x00004ab5      0x31d ./system/src/newlib/assert.o
 .debug_line    0x00004dd2      0x3f9 ./system/src/diag/Trace.o
 .debug_line    0x000051cb      0x3b3 ./system/src/diag/trace_impl.o
 .debug_line    0x0000557e       0x9f ./system/src/cortexm/exception_handlers.o
 .debug_line    0x0000561d      0x843 ./system/src/cmsis/system_stm32f4xx.o
 .debug_line    0x00005e60      0x4ad ./system/src/cmsis/vectors_stm32f4xx.o
 .debug_line    0x0000630d      0x552 ./src/ButtonTask.o
 .debug_line    0x0000685f      0x531 ./src/DisplayTask.o
 .debug_line    0x00006d90      0x593 ./src/LedTask.o
 .debug_line    0x00007323      0x836 ./src/_initialize_hardware.o
 .debug_line    0x00007b59      0x52f ./src/main.o

.debug_frame    0x00000000     0x160c
 *(.debug_frame)
 .debug_frame   0x00000000      0x160 ./uLipeRTOSv2/uLipe_Core.o
 .debug_frame   0x00000160       0xa8 ./uLipeRTOSv2/uLipe_Flags.o
 .debug_frame   0x00000208       0x54 ./uLipeRTOSv2/uLipe_List.o
 .debug_frame   0x0000025c       0xc4 ./uLipeRTOSv2/uLipe_Mutex.o
 .debug_frame   0x00000320       0xc0 ./uLipeRTOSv2/uLipe_Task.o
 .debug_frame   0x000003e0      0x16c ./system/src/stm32f4-hal/stm32f4xx_hal.o
 .debug_frame   0x0000054c      0x134 ./system/src/stm32f4-hal/stm32f4xx_hal_cortex.o
 .debug_frame   0x00000680      0x13c ./system/src/stm32f4-hal/stm32f4xx_hal_rcc.o
 .debug_frame   0x000007bc       0x38 ./system/src/newlib/_exit.o
 .debug_frame   0x000007f4       0x28 ./system/src/newlib/_sbrk.o
 .debug_frame   0x0000081c       0x80 ./system/src/newlib/_startup.o
 .debug_frame   0x0000089c      0x230 ./system/src/newlib/_syscalls.o
 .debug_frame   0x00000acc       0x44 ./system/src/newlib/assert.o
 .debug_frame   0x00000b10       0x84 ./system/src/diag/Trace.o
 .debug_frame   0x00000b94       0x50 ./system/src/diag/trace_impl.o
 .debug_frame   0x00000be4       0xb8 ./system/src/cortexm/exception_handlers.o
 .debug_frame   0x00000c9c       0x30 ./system/src/cmsis/system_stm32f4xx.o
 .debug_frame   0x00000ccc       0x20 ./system/src/cmsis/vectors_stm32f4xx.o
 .debug_frame   0x00000cec       0x4c ./src/ButtonTask.o
 .debug_frame   0x00000d38       0x40 ./src/DisplayTask.o
 .debug_frame   0x00000d78       0x60 ./src/LedTask.o
 .debug_frame   0x00000dd8       0x44 ./src/_initialize_hardware.o
 .debug_frame   0x00000e1c       0x28 ./src/main.o
 .debug_frame   0x00000e44       0x20 c:/users/felipe.neves/mentorgraphics/sourcery_codebench_lite_for_arm_eabi/bin/../lib/gcc/arm-none-eabi/4.8.1/../../../../arm-none-eabi/lib/thumb2\libc.a(lib_a-errno.o)
 .debug_frame   0x00000e64       0x2c c:/users/felipe.neves/mentorgraphics/sourcery_codebench_lite_for_arm_eabi/bin/../lib/gcc/arm-none-eabi/4.8.1/../../../../arm-none-eabi/lib/thumb2\libc.a(lib_a-memset.o)
 .debug_frame   0x00000e90       0x20 c:/users/felipe.neves/mentorgraphics/sourcery_codebench_lite_for_arm_eabi/bin/../lib/gcc/arm-none-eabi/4.8.1/../../../../arm-none-eabi/lib/thumb2\libc.a(lib_a-strlen.o)
 .debug_frame   0x00000eb0       0x54 c:/users/felipe.neves/mentorgraphics/sourcery_codebench_lite_for_arm_eabi/bin/../lib/gcc/arm-none-eabi/4.8.1/../../../../arm-none-eabi/lib/thumb2\libc.a(lib_a-vsnprintf.o)
 .debug_frame   0x00000f04       0x3c c:/users/felipe.neves/mentorgraphics/sourcery_codebench_lite_for_arm_eabi/bin/../lib/gcc/arm-none-eabi/4.8.1/../../../../arm-none-eabi/lib/thumb2\libc.a(lib_a-svfprintf.o)
 .debug_frame   0x00000f40       0x64 c:/users/felipe.neves/mentorgraphics/sourcery_codebench_lite_for_arm_eabi/bin/../lib/gcc/arm-none-eabi/4.8.1/../../../../arm-none-eabi/lib/thumb2\libc.a(lib_a-dtoa.o)
 .debug_frame   0x00000fa4       0x98 c:/users/felipe.neves/mentorgraphics/sourcery_codebench_lite_for_arm_eabi/bin/../lib/gcc/arm-none-eabi/4.8.1/../../../../arm-none-eabi/lib/thumb2\libc.a(lib_a-locale.o)
 .debug_frame   0x0000103c       0x30 c:/users/felipe.neves/mentorgraphics/sourcery_codebench_lite_for_arm_eabi/bin/../lib/gcc/arm-none-eabi/4.8.1/../../../../arm-none-eabi/lib/thumb2\libc.a(lib_a-malloc.o)
 .debug_frame   0x0000106c       0x38 c:/users/felipe.neves/mentorgraphics/sourcery_codebench_lite_for_arm_eabi/bin/../lib/gcc/arm-none-eabi/4.8.1/../../../../arm-none-eabi/lib/thumb2\libc.a(lib_a-mallocr.o)
 .debug_frame   0x000010a4       0x2c c:/users/felipe.neves/mentorgraphics/sourcery_codebench_lite_for_arm_eabi/bin/../lib/gcc/arm-none-eabi/4.8.1/../../../../arm-none-eabi/lib/thumb2\libc.a(lib_a-memchr-stub.o)
 .debug_frame   0x000010d0       0x2c c:/users/felipe.neves/mentorgraphics/sourcery_codebench_lite_for_arm_eabi/bin/../lib/gcc/arm-none-eabi/4.8.1/../../../../arm-none-eabi/lib/thumb2\libc.a(lib_a-memcpy-stub.o)
 .debug_frame   0x000010fc       0x30 c:/users/felipe.neves/mentorgraphics/sourcery_codebench_lite_for_arm_eabi/bin/../lib/gcc/arm-none-eabi/4.8.1/../../../../arm-none-eabi/lib/thumb2\libc.a(lib_a-mlock.o)
 .debug_frame   0x0000112c      0x244 c:/users/felipe.neves/mentorgraphics/sourcery_codebench_lite_for_arm_eabi/bin/../lib/gcc/arm-none-eabi/4.8.1/../../../../arm-none-eabi/lib/thumb2\libc.a(lib_a-mprec.o)
 .debug_frame   0x00001370       0x20 c:/users/felipe.neves/mentorgraphics/sourcery_codebench_lite_for_arm_eabi/bin/../lib/gcc/arm-none-eabi/4.8.1/../../../../arm-none-eabi/lib/thumb2\libc.a(lib_a-s_fpclassify.o)
 .debug_frame   0x00001390       0x2c c:/users/felipe.neves/mentorgraphics/sourcery_codebench_lite_for_arm_eabi/bin/../lib/gcc/arm-none-eabi/4.8.1/../../../../arm-none-eabi/lib/thumb2\libc.a(lib_a-sbrkr.o)
 .debug_frame   0x000013bc       0x64 c:/users/felipe.neves/mentorgraphics/sourcery_codebench_lite_for_arm_eabi/bin/../lib/gcc/arm-none-eabi/4.8.1/../../../../arm-none-eabi/lib/thumb2\libc.a(lib_a-svfiprintf.o)
 .debug_frame   0x00001420       0x28 c:/users/felipe.neves/mentorgraphics/sourcery_codebench_lite_for_arm_eabi/bin/../lib/gcc/arm-none-eabi/4.8.1/../../../../arm-none-eabi/lib/thumb2\libc.a(lib_a-callocr.o)
 .debug_frame   0x00001448       0x50 c:/users/felipe.neves/mentorgraphics/sourcery_codebench_lite_for_arm_eabi/bin/../lib/gcc/arm-none-eabi/4.8.1/../../../../arm-none-eabi/lib/thumb2\libc.a(lib_a-freer.o)
 .debug_frame   0x00001498       0x2c c:/users/felipe.neves/mentorgraphics/sourcery_codebench_lite_for_arm_eabi/bin/../lib/gcc/arm-none-eabi/4.8.1/../../../../arm-none-eabi/lib/thumb2\libc.a(lib_a-memmove.o)
 .debug_frame   0x000014c4       0x38 c:/users/felipe.neves/mentorgraphics/sourcery_codebench_lite_for_arm_eabi/bin/../lib/gcc/arm-none-eabi/4.8.1/../../../../arm-none-eabi/lib/thumb2\libc.a(lib_a-reallocr.o)
 .debug_frame   0x000014fc       0x20 c:/users/felipe.neves/mentorgraphics/sourcery_codebench_lite_for_arm_eabi/bin/../lib/gcc/arm-none-eabi/4.8.1/thumb2\libgcc.a(_udivsi3.o)
 .debug_frame   0x0000151c       0x28 c:/users/felipe.neves/mentorgraphics/sourcery_codebench_lite_for_arm_eabi/bin/../lib/gcc/arm-none-eabi/4.8.1/thumb2\libgcc.a(_aeabi_uldivmod.o)
 .debug_frame   0x00001544       0x58 c:/users/felipe.neves/mentorgraphics/sourcery_codebench_lite_for_arm_eabi/bin/../lib/gcc/arm-none-eabi/4.8.1/thumb2\libgcc.a(bpabi.o)
 .debug_frame   0x0000159c       0x38 c:/users/felipe.neves/mentorgraphics/sourcery_codebench_lite_for_arm_eabi/bin/../lib/gcc/arm-none-eabi/4.8.1/thumb2\libgcc.a(_divdi3.o)
 .debug_frame   0x000015d4       0x38 c:/users/felipe.neves/mentorgraphics/sourcery_codebench_lite_for_arm_eabi/bin/../lib/gcc/arm-none-eabi/4.8.1/thumb2\libgcc.a(_udivdi3.o)

.debug_str      0x00000000    0x8f566
 *(.debug_str)
 .debug_str     0x00000000     0x69d9 ./uLipeRTOSv2/uLipe_Core.o
                               0x6bc9 (size before relaxing)
 .debug_str     0x000069d9      0x159 ./uLipeRTOSv2/uLipe_Flags.o
                               0x6a3d (size before relaxing)
 .debug_str     0x00006b32       0x4e ./uLipeRTOSv2/uLipe_List.o
                               0x6771 (size before relaxing)
 .debug_str     0x00006b80      0x155 ./uLipeRTOSv2/uLipe_Mutex.o
                               0x6a8d (size before relaxing)
 .debug_str     0x00006cd5       0x9c ./uLipeRTOSv2/uLipe_Task.o
                               0x6989 (size before relaxing)
 .debug_str     0x00006d71    0x84fb9 ./system/src/stm32f4-hal/stm32f4xx_hal.o
                              0x881c8 (size before relaxing)
 .debug_str     0x0008bd2a      0x831 ./system/src/stm32f4-hal/stm32f4xx_hal_cortex.o
                              0x8851f (size before relaxing)
 .debug_str     0x0008c55b      0x4cf ./system/src/stm32f4-hal/stm32f4xx_hal_rcc.o
                              0x88837 (size before relaxing)
 .debug_str     0x0008ca2a      0xee4 ./system/src/newlib/_exit.o
                               0x54d1 (size before relaxing)
 .debug_str     0x0008d90e      0x4de ./system/src/newlib/_sbrk.o
                               0x4a8e (size before relaxing)
 .debug_str     0x0008ddec      0x24c ./system/src/newlib/_startup.o
                               0x3dab (size before relaxing)
 .debug_str     0x0008e038      0xe42 ./system/src/newlib/_syscalls.o
                               0x594d (size before relaxing)
 .debug_str     0x0008ee7a       0x44 ./system/src/newlib/assert.o
                               0x5d00 (size before relaxing)
 .debug_str     0x0008eebe      0x178 ./system/src/diag/Trace.o
                               0x7374 (size before relaxing)
 .debug_str     0x0008f036       0xd7 ./system/src/diag/trace_impl.o
                              0x437cd (size before relaxing)
 .debug_str     0x0008f10d       0xe8 ./system/src/cortexm/exception_handlers.o
                               0x2525 (size before relaxing)
 .debug_str     0x0008f1f5       0x67 ./system/src/cmsis/system_stm32f4xx.o
                              0x87d83 (size before relaxing)
 .debug_str     0x0008f25c       0x57 ./system/src/cmsis/vectors_stm32f4xx.o
                               0x65b3 (size before relaxing)
 .debug_str     0x0008f2b3      0x128 ./src/ButtonTask.o
                              0x4568d (size before relaxing)
 .debug_str     0x0008f3db       0x81 ./src/DisplayTask.o
                              0x45554 (size before relaxing)
 .debug_str     0x0008f45c       0xc2 ./src/LedTask.o
                              0x45752 (size before relaxing)
 .debug_str     0x0008f51e       0x35 ./src/_initialize_hardware.o
                              0x87e70 (size before relaxing)
 .debug_str     0x0008f553       0x13 ./src/main.o
                              0x45540 (size before relaxing)

.debug_loc      0x00000000     0x2ca7
 *(.debug_loc)
 .debug_loc     0x00000000      0x413 ./uLipeRTOSv2/uLipe_Core.o
 .debug_loc     0x00000413      0x465 ./uLipeRTOSv2/uLipe_Flags.o
 .debug_loc     0x00000878      0x1d0 ./uLipeRTOSv2/uLipe_List.o
 .debug_loc     0x00000a48      0x44b ./uLipeRTOSv2/uLipe_Mutex.o
 .debug_loc     0x00000e93      0x3e4 ./uLipeRTOSv2/uLipe_Task.o
 .debug_loc     0x00001277       0x1f ./system/src/stm32f4-hal/stm32f4xx_hal.o
 .debug_loc     0x00001296      0x537 ./system/src/stm32f4-hal/stm32f4xx_hal_cortex.o
 .debug_loc     0x000017cd      0x700 ./system/src/stm32f4-hal/stm32f4xx_hal_rcc.o
 .debug_loc     0x00001ecd       0x5c ./system/src/newlib/_sbrk.o
 .debug_loc     0x00001f29      0x25a ./system/src/newlib/_startup.o
 .debug_loc     0x00002183      0x549 ./system/src/newlib/_syscalls.o
 .debug_loc     0x000026cc       0xe1 ./system/src/newlib/assert.o
 .debug_loc     0x000027ad       0xcd ./system/src/diag/Trace.o
 .debug_loc     0x0000287a       0x97 ./system/src/diag/trace_impl.o
 .debug_loc     0x00002911      0x103 ./system/src/cmsis/system_stm32f4xx.o
 .debug_loc     0x00002a14       0xa3 ./src/ButtonTask.o
 .debug_loc     0x00002ab7       0x40 ./src/DisplayTask.o
 .debug_loc     0x00002af7      0x170 ./src/LedTask.o
 .debug_loc     0x00002c67       0x40 ./src/main.o

.debug_macinfo
 *(.debug_macinfo)

.debug_weaknames
 *(.debug_weaknames)

.debug_funcnames
 *(.debug_funcnames)

.debug_typenames
 *(.debug_typenames)

.debug_varnames
 *(.debug_varnames)
OUTPUT(uLipe_Hello.elf elf32-littlearm)

.debug_ranges   0x00000000      0x580
 .debug_ranges  0x00000000       0x88 ./uLipeRTOSv2/uLipe_Core.o
 .debug_ranges  0x00000088       0x30 ./uLipeRTOSv2/uLipe_Flags.o
 .debug_ranges  0x000000b8       0x20 ./uLipeRTOSv2/uLipe_List.o
 .debug_ranges  0x000000d8       0x38 ./uLipeRTOSv2/uLipe_Mutex.o
 .debug_ranges  0x00000110       0x38 ./uLipeRTOSv2/uLipe_Task.o
 .debug_ranges  0x00000148       0xa8 ./system/src/stm32f4-hal/stm32f4xx_hal.o
 .debug_ranges  0x000001f0       0x80 ./system/src/stm32f4-hal/stm32f4xx_hal_cortex.o
 .debug_ranges  0x00000270       0x78 ./system/src/stm32f4-hal/stm32f4xx_hal_rcc.o
 .debug_ranges  0x000002e8       0x18 ./system/src/newlib/_exit.o
 .debug_ranges  0x00000300       0x10 ./system/src/newlib/_sbrk.o
 .debug_ranges  0x00000310       0x48 ./system/src/newlib/_startup.o
 .debug_ranges  0x00000358       0xc0 ./system/src/newlib/_syscalls.o
 .debug_ranges  0x00000418       0x18 ./system/src/newlib/assert.o
 .debug_ranges  0x00000430       0x28 ./system/src/diag/Trace.o
 .debug_ranges  0x00000458       0x20 ./system/src/diag/trace_impl.o
 .debug_ranges  0x00000478       0x58 ./system/src/cortexm/exception_handlers.o
 .debug_ranges  0x000004d0       0x18 ./system/src/cmsis/system_stm32f4xx.o
 .debug_ranges  0x000004e8       0x10 ./system/src/cmsis/vectors_stm32f4xx.o
 .debug_ranges  0x000004f8       0x20 ./src/ButtonTask.o
 .debug_ranges  0x00000518       0x18 ./src/DisplayTask.o
 .debug_ranges  0x00000530       0x28 ./src/LedTask.o
 .debug_ranges  0x00000558       0x18 ./src/_initialize_hardware.o
 .debug_ranges  0x00000570       0x10 ./src/main.o

.debug_macro    0x00000000    0x16d02
 .debug_macro   0x00000000      0x1cb ./uLipeRTOSv2/uLipe_Core.o
 .debug_macro   0x000001cb      0x88c ./uLipeRTOSv2/uLipe_Core.o
 .debug_macro   0x00000a57       0x52 ./uLipeRTOSv2/uLipe_Core.o
 .debug_macro   0x00000aa9       0x16 ./uLipeRTOSv2/uLipe_Core.o
 .debug_macro   0x00000abf       0x35 ./uLipeRTOSv2/uLipe_Core.o
 .debug_macro   0x00000af4       0xa3 ./uLipeRTOSv2/uLipe_Core.o
 .debug_macro   0x00000b97      0x20e ./uLipeRTOSv2/uLipe_Core.o
 .debug_macro   0x00000da5       0x16 ./uLipeRTOSv2/uLipe_Core.o
 .debug_macro   0x00000dbb       0x97 ./uLipeRTOSv2/uLipe_Core.o
 .debug_macro   0x00000e52       0x10 ./uLipeRTOSv2/uLipe_Core.o
 .debug_macro   0x00000e62       0x3a ./uLipeRTOSv2/uLipe_Core.o
 .debug_macro   0x00000e9c       0x52 ./uLipeRTOSv2/uLipe_Core.o
 .debug_macro   0x00000eee       0x16 ./uLipeRTOSv2/uLipe_Core.o
 .debug_macro   0x00000f04       0x19 ./uLipeRTOSv2/uLipe_Core.o
 .debug_macro   0x00000f1d       0x7d ./uLipeRTOSv2/uLipe_Core.o
 .debug_macro   0x00000f9a       0x1c ./uLipeRTOSv2/uLipe_Core.o
 .debug_macro   0x00000fb6      0x123 ./uLipeRTOSv2/uLipe_Core.o
 .debug_macro   0x000010d9       0x10 ./uLipeRTOSv2/uLipe_Core.o
 .debug_macro   0x000010e9       0xf6 ./uLipeRTOSv2/uLipe_Core.o
 .debug_macro   0x000011df       0x22 ./uLipeRTOSv2/uLipe_Core.o
 .debug_macro   0x00001201       0xbd ./uLipeRTOSv2/uLipe_Core.o
 .debug_macro   0x000012be       0x16 ./uLipeRTOSv2/uLipe_Core.o
 .debug_macro   0x000012d4      0x15c ./uLipeRTOSv2/uLipe_Core.o
 .debug_macro   0x00001430      0x283 ./uLipeRTOSv2/uLipe_Core.o
 .debug_macro   0x000016b3       0x10 ./uLipeRTOSv2/uLipe_Core.o
 .debug_macro   0x000016c3       0x35 ./uLipeRTOSv2/uLipe_Core.o
 .debug_macro   0x000016f8       0x1f ./uLipeRTOSv2/uLipe_Core.o
 .debug_macro   0x00001717       0x16 ./uLipeRTOSv2/uLipe_Core.o
 .debug_macro   0x0000172d       0x16 ./uLipeRTOSv2/uLipe_Core.o
 .debug_macro   0x00001743       0x22 ./uLipeRTOSv2/uLipe_Core.o
 .debug_macro   0x00001765       0x28 ./uLipeRTOSv2/uLipe_Core.o
 .debug_macro   0x0000178d       0x10 ./uLipeRTOSv2/uLipe_Core.o
 .debug_macro   0x0000179d      0x1bf ./uLipeRTOSv2/uLipe_Flags.o
 .debug_macro   0x0000195c      0x19b ./uLipeRTOSv2/uLipe_List.o
 .debug_macro   0x00001af7      0x1d1 ./uLipeRTOSv2/uLipe_Mutex.o
 .debug_macro   0x00001cc8      0x1b3 ./uLipeRTOSv2/uLipe_Task.o
 .debug_macro   0x00001e7b      0x34a ./system/src/stm32f4-hal/stm32f4xx_hal.o
 .debug_macro   0x000021c5      0x23b ./system/src/stm32f4-hal/stm32f4xx_hal.o
 .debug_macro   0x00002400       0x28 ./system/src/stm32f4-hal/stm32f4xx_hal.o
 .debug_macro   0x00002428       0x28 ./system/src/stm32f4-hal/stm32f4xx_hal.o
 .debug_macro   0x00002450       0x3b ./system/src/stm32f4-hal/stm32f4xx_hal.o
 .debug_macro   0x0000248b       0x2d ./system/src/stm32f4-hal/stm32f4xx_hal.o
 .debug_macro   0x000024b8       0x26 ./system/src/stm32f4-hal/stm32f4xx_hal.o
 .debug_macro   0x000024de      0xd39 ./system/src/stm32f4-hal/stm32f4xx_hal.o
 .debug_macro   0x00003217     0x9e6b ./system/src/stm32f4-hal/stm32f4xx_hal.o
 .debug_macro   0x0000d082       0x43 ./system/src/stm32f4-hal/stm32f4xx_hal.o
 .debug_macro   0x0000d0c5       0x46 ./system/src/stm32f4-hal/stm32f4xx_hal.o
 .debug_macro   0x0000d10b      0xb80 ./system/src/stm32f4-hal/stm32f4xx_hal.o
 .debug_macro   0x0000dc8b      0x6af ./system/src/stm32f4-hal/stm32f4xx_hal.o
 .debug_macro   0x0000e33a      0x138 ./system/src/stm32f4-hal/stm32f4xx_hal.o
 .debug_macro   0x0000e472      0x155 ./system/src/stm32f4-hal/stm32f4xx_hal.o
 .debug_macro   0x0000e5c7      0x2c6 ./system/src/stm32f4-hal/stm32f4xx_hal.o
 .debug_macro   0x0000e88d       0x52 ./system/src/stm32f4-hal/stm32f4xx_hal.o
 .debug_macro   0x0000e8df      0x3e5 ./system/src/stm32f4-hal/stm32f4xx_hal.o
 .debug_macro   0x0000ecc4      0x14c ./system/src/stm32f4-hal/stm32f4xx_hal.o
 .debug_macro   0x0000ee10      0x3bb ./system/src/stm32f4-hal/stm32f4xx_hal.o
 .debug_macro   0x0000f1cb       0x10 ./system/src/stm32f4-hal/stm32f4xx_hal.o
 .debug_macro   0x0000f1db      0x1f3 ./system/src/stm32f4-hal/stm32f4xx_hal.o
 .debug_macro   0x0000f3ce      0x11a ./system/src/stm32f4-hal/stm32f4xx_hal.o
 .debug_macro   0x0000f4e8       0xcd ./system/src/stm32f4-hal/stm32f4xx_hal.o
 .debug_macro   0x0000f5b5      0x1ca ./system/src/stm32f4-hal/stm32f4xx_hal.o
 .debug_macro   0x0000f77f      0xda8 ./system/src/stm32f4-hal/stm32f4xx_hal.o
 .debug_macro   0x00010527      0x132 ./system/src/stm32f4-hal/stm32f4xx_hal.o
 .debug_macro   0x00010659      0x416 ./system/src/stm32f4-hal/stm32f4xx_hal.o
 .debug_macro   0x00010a6f      0x55c ./system/src/stm32f4-hal/stm32f4xx_hal.o
 .debug_macro   0x00010fcb       0x65 ./system/src/stm32f4-hal/stm32f4xx_hal.o
 .debug_macro   0x00011030       0x8f ./system/src/stm32f4-hal/stm32f4xx_hal.o
 .debug_macro   0x000110bf       0x9a ./system/src/stm32f4-hal/stm32f4xx_hal.o
 .debug_macro   0x00011159      0x1df ./system/src/stm32f4-hal/stm32f4xx_hal.o
 .debug_macro   0x00011338       0x22 ./system/src/stm32f4-hal/stm32f4xx_hal.o
 .debug_macro   0x0001135a      0x1a0 ./system/src/stm32f4-hal/stm32f4xx_hal.o
 .debug_macro   0x000114fa       0x9d ./system/src/stm32f4-hal/stm32f4xx_hal.o
 .debug_macro   0x00011597      0x247 ./system/src/stm32f4-hal/stm32f4xx_hal.o
 .debug_macro   0x000117de      0x17f ./system/src/stm32f4-hal/stm32f4xx_hal.o
 .debug_macro   0x0001195d       0x65 ./system/src/stm32f4-hal/stm32f4xx_hal.o
 .debug_macro   0x000119c2       0x65 ./system/src/stm32f4-hal/stm32f4xx_hal.o
 .debug_macro   0x00011a27      0x3b4 ./system/src/stm32f4-hal/stm32f4xx_hal.o
 .debug_macro   0x00011ddb      0x313 ./system/src/stm32f4-hal/stm32f4xx_hal.o
 .debug_macro   0x000120ee      0x3d0 ./system/src/stm32f4-hal/stm32f4xx_hal.o
 .debug_macro   0x000124be      0x4c5 ./system/src/stm32f4-hal/stm32f4xx_hal.o
 .debug_macro   0x00012983      0x22b ./system/src/stm32f4-hal/stm32f4xx_hal.o
 .debug_macro   0x00012bae      0x1ca ./system/src/stm32f4-hal/stm32f4xx_hal.o
 .debug_macro   0x00012d78      0x822 ./system/src/stm32f4-hal/stm32f4xx_hal.o
 .debug_macro   0x0001359a       0x4d ./system/src/stm32f4-hal/stm32f4xx_hal.o
 .debug_macro   0x000135e7      0x1ed ./system/src/stm32f4-hal/stm32f4xx_hal.o
 .debug_macro   0x000137d4      0x1ae ./system/src/stm32f4-hal/stm32f4xx_hal.o
 .debug_macro   0x00013982      0x137 ./system/src/stm32f4-hal/stm32f4xx_hal.o
 .debug_macro   0x00013ab9      0x1ae ./system/src/stm32f4-hal/stm32f4xx_hal.o
 .debug_macro   0x00013c67       0x77 ./system/src/stm32f4-hal/stm32f4xx_hal.o
 .debug_macro   0x00013cde      0x1df ./system/src/stm32f4-hal/stm32f4xx_hal.o
 .debug_macro   0x00013ebd       0xfa ./system/src/stm32f4-hal/stm32f4xx_hal.o
 .debug_macro   0x00013fb7       0x88 ./system/src/stm32f4-hal/stm32f4xx_hal.o
 .debug_macro   0x0001403f      0x12d ./system/src/stm32f4-hal/stm32f4xx_hal.o
 .debug_macro   0x0001416c      0x2fc ./system/src/stm32f4-hal/stm32f4xx_hal_cortex.o
 .debug_macro   0x00014468      0x33e ./system/src/stm32f4-hal/stm32f4xx_hal_rcc.o
 .debug_macro   0x000147a6      0x126 ./system/src/newlib/_exit.o
 .debug_macro   0x000148cc      0x10e ./system/src/newlib/_exit.o
 .debug_macro   0x000149da       0x86 ./system/src/newlib/_exit.o
 .debug_macro   0x00014a60       0x10 ./system/src/newlib/_exit.o
 .debug_macro   0x00014a70       0xda ./system/src/newlib/_sbrk.o
 .debug_macro   0x00014b4a      0x16d ./system/src/newlib/_sbrk.o
 .debug_macro   0x00014cb7       0x10 ./system/src/newlib/_sbrk.o
 .debug_macro   0x00014cc7       0x83 ./system/src/newlib/_sbrk.o
 .debug_macro   0x00014d4a      0x23f ./system/src/newlib/_sbrk.o
 .debug_macro   0x00014f89       0xe1 ./system/src/newlib/_startup.o
 .debug_macro   0x0001506a      0x16e ./system/src/newlib/_syscalls.o
 .debug_macro   0x000151d8       0x1c ./system/src/newlib/_syscalls.o
 .debug_macro   0x000151f4       0x16 ./system/src/newlib/_syscalls.o
 .debug_macro   0x0001520a       0x10 ./system/src/newlib/_syscalls.o
 .debug_macro   0x0001521a       0x10 ./system/src/newlib/_syscalls.o
 .debug_macro   0x0001522a       0x35 ./system/src/newlib/_syscalls.o
 .debug_macro   0x0001525f      0x120 ./system/src/newlib/_syscalls.o
 .debug_macro   0x0001537f       0x22 ./system/src/newlib/_syscalls.o
 .debug_macro   0x000153a1       0x2b ./system/src/newlib/_syscalls.o
 .debug_macro   0x000153cc      0x118 ./system/src/newlib/_syscalls.o
 .debug_macro   0x000154e4      0x13a ./system/src/newlib/_syscalls.o
 .debug_macro   0x0001561e       0x16 ./system/src/newlib/_syscalls.o
 .debug_macro   0x00015634      0x142 ./system/src/newlib/assert.o
 .debug_macro   0x00015776       0x16 ./system/src/newlib/assert.o
 .debug_macro   0x0001578c      0x214 ./system/src/newlib/assert.o
 .debug_macro   0x000159a0      0x178 ./system/src/diag/Trace.o
 .debug_macro   0x00015b18       0x52 ./system/src/diag/Trace.o
 .debug_macro   0x00015b6a      0x157 ./system/src/diag/trace_impl.o
 .debug_macro   0x00015cc1       0x1b ./system/src/cortexm/exception_handlers.o
 .debug_macro   0x00015cdc      0x302 ./system/src/cmsis/system_stm32f4xx.o
 .debug_macro   0x00015fde      0x19f ./system/src/cmsis/vectors_stm32f4xx.o
 .debug_macro   0x0001617d      0x1fe ./src/ButtonTask.o
 .debug_macro   0x0001637b       0x22 ./src/ButtonTask.o
 .debug_macro   0x0001639d       0x10 ./src/ButtonTask.o
 .debug_macro   0x000163ad      0x1fe ./src/DisplayTask.o
 .debug_macro   0x000165ab       0x10 ./src/DisplayTask.o
 .debug_macro   0x000165bb      0x1fe ./src/LedTask.o
 .debug_macro   0x000167b9      0x2f6 ./src/_initialize_hardware.o
 .debug_macro   0x00016aaf       0x4c ./src/_initialize_hardware.o
 .debug_macro   0x00016afb      0x207 ./src/main.o
