Archive member included because of file (symbol)

c:/users/felipe.neves/mentorgraphics/sourcery_codebench_lite_for_arm_eabi/bin/../lib/gcc/arm-none-eabi/4.8.1/thumb2\libgcc.a(_arm_addsubdf3.o)
                              ./src/EMADigitalFilter.o (__aeabi_dsub)
c:/users/felipe.neves/mentorgraphics/sourcery_codebench_lite_for_arm_eabi/bin/../lib/gcc/arm-none-eabi/4.8.1/thumb2\libgcc.a(_arm_muldivdf3.o)
                              ./src/EMADigitalFilter.o (__aeabi_dmul)
c:/users/felipe.neves/mentorgraphics/sourcery_codebench_lite_for_arm_eabi/bin/../lib/gcc/arm-none-eabi/4.8.1/thumb2\libgcc.a(_arm_fixdfsi.o)
                              ./src/EMADigitalFilter.o (__aeabi_d2iz)
c:/users/felipe.neves/mentorgraphics/sourcery_codebench_lite_for_arm_eabi/bin/../lib/gcc/arm-none-eabi/4.8.1/../../../../arm-none-eabi/lib/thumb2\libc.a(lib_a-errno.o)
                              ./system/src/newlib/_sbrk.o (__errno)
c:/users/felipe.neves/mentorgraphics/sourcery_codebench_lite_for_arm_eabi/bin/../lib/gcc/arm-none-eabi/4.8.1/../../../../arm-none-eabi/lib/thumb2\libc.a(lib_a-impure.o)
                              c:/users/felipe.neves/mentorgraphics/sourcery_codebench_lite_for_arm_eabi/bin/../lib/gcc/arm-none-eabi/4.8.1/../../../../arm-none-eabi/lib/thumb2\libc.a(lib_a-errno.o) (_impure_ptr)
c:/users/felipe.neves/mentorgraphics/sourcery_codebench_lite_for_arm_eabi/bin/../lib/gcc/arm-none-eabi/4.8.1/../../../../arm-none-eabi/lib/thumb2\libc.a(lib_a-strlen.o)
                              ./system/src/diag/Trace.o (strlen)
c:/users/felipe.neves/mentorgraphics/sourcery_codebench_lite_for_arm_eabi/bin/../lib/gcc/arm-none-eabi/4.8.1/../../../../arm-none-eabi/lib/thumb2\libc.a(lib_a-vsnprintf.o)
                              ./system/src/diag/Trace.o (vsnprintf)
c:/users/felipe.neves/mentorgraphics/sourcery_codebench_lite_for_arm_eabi/bin/../lib/gcc/arm-none-eabi/4.8.1/../../../../arm-none-eabi/lib/thumb2\libc.a(lib_a-svfprintf.o)
                              c:/users/felipe.neves/mentorgraphics/sourcery_codebench_lite_for_arm_eabi/bin/../lib/gcc/arm-none-eabi/4.8.1/../../../../arm-none-eabi/lib/thumb2\libc.a(lib_a-vsnprintf.o) (_svfprintf_r)
c:/users/felipe.neves/mentorgraphics/sourcery_codebench_lite_for_arm_eabi/bin/../lib/gcc/arm-none-eabi/4.8.1/../../../../arm-none-eabi/lib/thumb2\libc.a(lib_a-dtoa.o)
                              c:/users/felipe.neves/mentorgraphics/sourcery_codebench_lite_for_arm_eabi/bin/../lib/gcc/arm-none-eabi/4.8.1/../../../../arm-none-eabi/lib/thumb2\libc.a(lib_a-svfprintf.o) (_dtoa_r)
c:/users/felipe.neves/mentorgraphics/sourcery_codebench_lite_for_arm_eabi/bin/../lib/gcc/arm-none-eabi/4.8.1/../../../../arm-none-eabi/lib/thumb2\libc.a(lib_a-locale.o)
                              c:/users/felipe.neves/mentorgraphics/sourcery_codebench_lite_for_arm_eabi/bin/../lib/gcc/arm-none-eabi/4.8.1/../../../../arm-none-eabi/lib/thumb2\libc.a(lib_a-svfprintf.o) (_localeconv_r)
c:/users/felipe.neves/mentorgraphics/sourcery_codebench_lite_for_arm_eabi/bin/../lib/gcc/arm-none-eabi/4.8.1/../../../../arm-none-eabi/lib/thumb2\libc.a(lib_a-malloc.o)
                              c:/users/felipe.neves/mentorgraphics/sourcery_codebench_lite_for_arm_eabi/bin/../lib/gcc/arm-none-eabi/4.8.1/../../../../arm-none-eabi/lib/thumb2\libc.a(lib_a-dtoa.o) (malloc)
c:/users/felipe.neves/mentorgraphics/sourcery_codebench_lite_for_arm_eabi/bin/../lib/gcc/arm-none-eabi/4.8.1/../../../../arm-none-eabi/lib/thumb2\libc.a(lib_a-mallocr.o)
                              c:/users/felipe.neves/mentorgraphics/sourcery_codebench_lite_for_arm_eabi/bin/../lib/gcc/arm-none-eabi/4.8.1/../../../../arm-none-eabi/lib/thumb2\libc.a(lib_a-svfprintf.o) (_malloc_r)
c:/users/felipe.neves/mentorgraphics/sourcery_codebench_lite_for_arm_eabi/bin/../lib/gcc/arm-none-eabi/4.8.1/../../../../arm-none-eabi/lib/thumb2\libc.a(lib_a-memchr-stub.o)
                              c:/users/felipe.neves/mentorgraphics/sourcery_codebench_lite_for_arm_eabi/bin/../lib/gcc/arm-none-eabi/4.8.1/../../../../arm-none-eabi/lib/thumb2\libc.a(lib_a-svfprintf.o) (memchr)
c:/users/felipe.neves/mentorgraphics/sourcery_codebench_lite_for_arm_eabi/bin/../lib/gcc/arm-none-eabi/4.8.1/../../../../arm-none-eabi/lib/thumb2\libc.a(lib_a-memcpy-stub.o)
                              c:/users/felipe.neves/mentorgraphics/sourcery_codebench_lite_for_arm_eabi/bin/../lib/gcc/arm-none-eabi/4.8.1/../../../../arm-none-eabi/lib/thumb2\libc.a(lib_a-dtoa.o) (memcpy)
c:/users/felipe.neves/mentorgraphics/sourcery_codebench_lite_for_arm_eabi/bin/../lib/gcc/arm-none-eabi/4.8.1/../../../../arm-none-eabi/lib/thumb2\libc.a(lib_a-mlock.o)
                              c:/users/felipe.neves/mentorgraphics/sourcery_codebench_lite_for_arm_eabi/bin/../lib/gcc/arm-none-eabi/4.8.1/../../../../arm-none-eabi/lib/thumb2\libc.a(lib_a-mallocr.o) (__malloc_lock)
[...]
Memory Configuration

Name             Origin             Length             Attributes
RAM              0x20000000         0x00030000         xrw
CCMRAM           0x10000000         0x00010000         xrw
FLASH            0x08000000         0x00200000         xr
FLASHB1          0x00000000         0x00000000         xr
EXTMEMB0         0x00000000         0x00000000         xr
EXTMEMB1         0x00000000         0x00000000         xr
EXTMEMB2         0x00000000         0x00000000         xr
EXTMEMB3         0x00000000         0x00000000         xr
MEMORY_ARRAY     0x20002000         0x00000020         xrw
*default*        0x00000000         0xffffffff

Linker script and memory map

LOAD ./system/src/stm32f4-hal/stm32f4xx_hal.o
LOAD ./system/src/stm32f4-hal/stm32f4xx_hal_cortex.o
LOAD ./system/src/stm32f4-hal/stm32f4xx_hal_flash.o
LOAD ./system/src/stm32f4-hal/stm32f4xx_hal_flash_ex.o
LOAD ./system/src/stm32f4-hal/stm32f4xx_hal_gpio.o
LOAD ./system/src/stm32f4-hal/stm32f4xx_hal_iwdg.o
LOAD ./system/src/stm32f4-hal/stm32f4xx_hal_pwr.o
LOAD ./system/src/stm32f4-hal/stm32f4xx_hal_pwr_ex.o
LOAD ./system/src/stm32f4-hal/stm32f4xx_hal_rcc.o
LOAD ./system/src/stm32f4-hal/stm32f4xx_hal_rcc_ex.o
LOAD ./system/src/newlib/_cxx.o
LOAD ./system/src/newlib/_exit.o
LOAD ./system/src/newlib/_sbrk.o
LOAD ./system/src/newlib/_startup.o
LOAD ./system/src/newlib/_syscalls.o
LOAD ./system/src/newlib/_write.o
LOAD ./system/src/newlib/assert.o
LOAD ./system/src/diag/Trace.o
LOAD ./system/src/diag/trace_impl.o
LOAD ./system/src/cortexm/_initialize_hardware.o
LOAD ./system/src/cortexm/_reset_hardware.o
LOAD ./system/src/cortexm/exception_handlers.o
LOAD ./system/src/cmsis/system_stm32f4xx.o
LOAD ./system/src/cmsis/vectors_stm32f4xx.o
LOAD ./src/AverageDigitalFilter.o
LOAD ./src/EMADigitalFilter.o
LOAD ./src/EmbarcadosDSP.o
LOAD c:/users/felipe.neves/mentorgraphics/sourcery_codebench_lite_for_arm_eabi/bin/../lib/gcc/arm-none-eabi/4.8.1/../../../../arm-none-eabi/lib/thumb2\libstdc++.a
LOAD c:/users/felipe.neves/mentorgraphics/sourcery_codebench_lite_for_arm_eabi/bin/../lib/gcc/arm-none-eabi/4.8.1/../../../../arm-none-eabi/lib/thumb2\libm.a
START GROUP
LOAD c:/users/felipe.neves/mentorgraphics/sourcery_codebench_lite_for_arm_eabi/bin/../lib/gcc/arm-none-eabi/4.8.1/thumb2\libgcc.a
LOAD c:/users/felipe.neves/mentorgraphics/sourcery_codebench_lite_for_arm_eabi/bin/../lib/gcc/arm-none-eabi/4.8.1/../../../../arm-none-eabi/lib/thumb2\libc.a
END GROUP
                0x20030000                __stack = (ORIGIN (RAM) + 0x30000)
                0x20030000                _estack = __stack
                0x00000400                __Main_Stack_Size = 0x400
                0x00000400                PROVIDE (_Main_Stack_Size, __Main_Stack_Size)
                0x2002fc00                __Main_Stack_Limit = (__stack - __Main_Stack_Size)
                0x2002fc00                PROVIDE (_Main_Stack_Limit, __Main_Stack_Limit)
                0x00000100                _Minimum_Stack_Size = 0x100
                0x20000050                PROVIDE (_Heap_Begin, _end_noinit)
                0x2002fc00                PROVIDE (_Heap_Limit, (__stack - __Main_Stack_Size))

.isr_vector     0x08000000      0x33c
                0x08000000                . = ALIGN (0x4)
 *(.isr_vector)
 .isr_vector    0x08000000      0x1ac ./system/src/cmsis/vectors_stm32f4xx.o
                0x08000000                __isr_vectors
 *(.cfmconfig)
 *(.after_vectors .after_vectors.*)
 .after_vectors
                0x080001ac      0x160 ./system/src/newlib/_startup.o
                0x080001ac                _start
 .after_vectors
                0x0800030c       0x2c ./system/src/cortexm/exception_handlers.o
                0x0800030c                Reset_Handler
                0x08000314                NMI_Handler
                0x08000318                HardFault_Handler
                0x0800031c                MemManage_Handler
                0x08000320                BusFault_Handler
                0x08000324                UsageFault_Handler
                0x08000328                SVC_Handler
                0x0800032c                DebugMon_Handler
                0x08000330                PendSV_Handler
                0x08000334                SysTick_Handler
 .after_vectors
                0x08000338        0x4 ./system/src/cmsis/vectors_stm32f4xx.o
                0x08000338                RTC_Alarm_IRQHandler
                0x08000338                HASH_RNG_IRQHandler
                0x08000338                EXTI2_IRQHandler
                0x08000338                TIM8_CC_IRQHandler
                0x08000338                UART8_IRQHandler
                0x08000338                SPI4_IRQHandler
                0x08000338                TIM1_CC_IRQHandler
                0x08000338                DMA2_Stream5_IRQHandler
                0x08000338                DMA1_Stream5_IRQHandler
                0x08000338                PVD_IRQHandler
                0x08000338                SDIO_IRQHandler
                0x08000338                TAMP_STAMP_IRQHandler
                0x08000338                CAN2_RX1_IRQHandler
                0x08000338                EXTI3_IRQHandler
                0x08000338                TIM8_TRG_COM_TIM14_IRQHandler
                0x08000338                TIM1_UP_TIM10_IRQHandler
                0x08000338                TIM8_UP_TIM13_IRQHandler
                0x08000338                I2C3_ER_IRQHandler
                0x08000338                EXTI0_IRQHandler
                0x08000338                I2C2_EV_IRQHandler
                0x08000338                DMA1_Stream2_IRQHandler
                0x08000338                CAN1_RX0_IRQHandler
                0x08000338                FPU_IRQHandler
                0x08000338                OTG_HS_WKUP_IRQHandler
                0x08000338                LTDC_ER_IRQHandler
                0x08000338                CAN2_SCE_IRQHandler
                0x08000338                DMA2_Stream2_IRQHandler
                0x08000338                SPI1_IRQHandler
                0x08000338                TIM6_DAC_IRQHandler
                0x08000338                TIM1_BRK_TIM9_IRQHandler
                0x08000338                DCMI_IRQHandler
                0x08000338                CAN2_RX0_IRQHandler
                0x08000338                DMA2_Stream3_IRQHandler
                0x08000338                USART6_IRQHandler
                0x08000338                USART3_IRQHandler
                0x08000338                CRYP_IRQHandler
                0x08000338                CAN1_RX1_IRQHandler
                0x08000338                UART5_IRQHandler
                0x08000338                DMA2_Stream0_IRQHandler
                0x08000338                TIM4_IRQHandler
                0x08000338                I2C1_EV_IRQHandler
                0x08000338                DMA1_Stream6_IRQHandler
                0x08000338                DMA1_Stream1_IRQHandler
                0x08000338                UART4_IRQHandler
                0x08000338                TIM3_IRQHandler
                0x08000338                RCC_IRQHandler
                0x08000338                TIM8_BRK_TIM12_IRQHandler
                0x08000338                Default_Handler
                0x08000338                EXTI15_10_IRQHandler
                0x08000338                ADC_IRQHandler
                0x08000338                DMA1_Stream7_IRQHandler
                0x08000338                SPI5_IRQHandler
                0x08000338                TIM7_IRQHandler
                0x08000338                CAN2_TX_IRQHandler
                0x08000338                TIM5_IRQHandler
                0x08000338                DMA2_Stream7_IRQHandler
                0x08000338                I2C3_EV_IRQHandler
                0x08000338                EXTI9_5_IRQHandler
                0x08000338                RTC_WKUP_IRQHandler
                0x08000338                LTDC_IRQHandler
                0x08000338                ETH_WKUP_IRQHandler
                0x08000338                SPI2_IRQHandler
                0x08000338                OTG_HS_EP1_IN_IRQHandler
                0x08000338                DMA1_Stream0_IRQHandler
                0x08000338                CAN1_TX_IRQHandler
                0x08000338                EXTI4_IRQHandler
                0x08000338                FSMC_IRQHandler
                0x08000338                ETH_IRQHandler
                0x08000338                OTG_HS_EP1_OUT_IRQHandler
                0x08000338                WWDG_IRQHandler
                0x08000338                SPI6_IRQHandler
                0x08000338                TIM2_IRQHandler
                0x08000338                OTG_FS_WKUP_IRQHandler
                0x08000338                TIM1_TRG_COM_TIM11_IRQHandler
                0x08000338                OTG_HS_IRQHandler
                0x08000338                DMA2D_IRQHandler
                0x08000338                EXTI1_IRQHandler
                0x08000338                UART7_IRQHandler
                0x08000338                USART2_IRQHandler
                0x08000338                I2C2_ER_IRQHandler
                0x08000338                DMA2_Stream1_IRQHandler
                0x08000338                CAN1_SCE_IRQHandler
                0x08000338                FLASH_IRQHandler
                0x08000338                DMA2_Stream4_IRQHandler
                0x08000338                USART1_IRQHandler
                0x08000338                OTG_FS_IRQHandler
                0x08000338                SPI3_IRQHandler
                0x08000338                DMA1_Stream4_IRQHandler
                0x08000338                I2C1_ER_IRQHandler
                0x08000338                FMC_IRQHandler
                0x08000338                DMA2_Stream6_IRQHandler
                0x08000338                SAI1_IRQHandler
                0x08000338                DMA1_Stream3_IRQHandler
                0x0800033c                . = ALIGN (0x4)

.inits          0x0800033c        0x0
                0x0800033c                . = ALIGN (0x4)
 *(.init)
 *(.fini)
                0x0800033c                . = ALIGN (0x4)
                0x0800033c                PROVIDE (__preinit_array_start, .)
 *(.preinit_array_sysinit .preinit_array_sysinit.*)
 *(.preinit_array_platform .preinit_array_platform.*)
 *(.preinit_array .preinit_array.*)
                0x0800033c                PROVIDE (__preinit_array_end, .)
                0x0800033c                . = ALIGN (0x4)
                0x0800033c                PROVIDE (__init_array_start, .)
 *(SORT(.init_array.*))
 *(.init_array)
                0x0800033c                PROVIDE (__init_array_end, .)
                0x0800033c                . = ALIGN (0x4)
                0x0800033c                PROVIDE (__fini_array_start, .)
 *(SORT(.fini_array.*))
 *(.fini_array)
                0x0800033c                PROVIDE (__fini_array_end, .)
                0x0800033c                . = ALIGN (0x4)

.flashtext      0x0800033c        0x0
                0x0800033c                . = ALIGN (0x4)
 *(.flashtext .flashtext.*)
                0x0800033c                . = ALIGN (0x4)

.text           0x0800033c      0xb8c
                0x0800033c                . = ALIGN (0x4)
 *(.text .text.*)
 .text._exit    0x0800033c        0x4 ./system/src/newlib/_exit.o
                0x0800033c                _exit
 .text.__initialize_args
                0x08000340       0x10 ./system/src/newlib/_syscalls.o
                0x08000340                __initialize_args
 .text.__initialize_hardware
                0x08000350        0x8 ./system/src/cortexm/_initialize_hardware.o
                0x08000350                __initialize_hardware
 .text.SystemInit
                0x08000358       0x44 ./system/src/cmsis/system_stm32f4xx.o
                0x08000358                SystemInit
 .text.EMA_xFilterInit
                0x0800039c       0x4c ./src/EMADigitalFilter.o
                0x0800039c                EMA_xFilterInit
 .text.EMA_xCoefCalc
                0x080003e8       0x58 ./src/EMADigitalFilter.o
                0x080003e8                EMA_xCoefCalc
 .text.EMA_xDoFilter
                0x08000440       0x94 ./src/EMADigitalFilter.o
                0x08000440                EMA_xDoFilter
 .text.vSystickInit
                0x080004d4       0x18 ./src/EmbarcadosDSP.o
                0x080004d4                vSystickInit
 .text.vADCInit
                0x080004ec       0x78 ./src/EmbarcadosDSP.o
                0x080004ec                vADCInit
 .text.vDACInit
                0x08000564       0x40 ./src/EmbarcadosDSP.o
                0x08000564                vDACInit
 .text.wADCRead
                0x080005a4       0x28 ./src/EmbarcadosDSP.o
                0x080005a4                wADCRead
 .text.vDACWrite
                0x080005cc       0x64 ./src/EmbarcadosDSP.o
                0x080005cc                vDACWrite
 .text.main     0x08000630       0x70 ./src/EmbarcadosDSP.o
                0x08000630                main
 .text.DSPTick  0x080006a0       0x44 ./src/EmbarcadosDSP.o
                0x080006a0                DSPTick
 .text          0x080006e4      0x370 c:/users/felipe.neves/mentorgraphics/sourcery_codebench_lite_for_arm_eabi/bin/../lib/gcc/arm-none-eabi/4.8.1/thumb2\libgcc.a(_arm_addsubdf3.o)
                0x080006e4                __aeabi_drsub
                0x080006ec                __aeabi_dsub
                0x080006ec                __subdf3
                0x080006f0                __aeabi_dadd
                0x080006f0                __adddf3
                0x08000968                __floatunsidf
                0x08000968                __aeabi_ui2d
                0x08000988                __floatsidf
                0x08000988                __aeabi_i2d
                0x080009ac                __aeabi_f2d
                0x080009ac                __extendsfdf2
                0x080009e8                __floatundidf
                0x080009e8                __aeabi_ul2d
                0x080009f8                __floatdidf
                0x080009f8                __aeabi_l2d
 .text          0x08000a54      0x424 c:/users/felipe.neves/mentorgraphics/sourcery_codebench_lite_for_arm_eabi/bin/../lib/gcc/arm-none-eabi/4.8.1/thumb2\libgcc.a(_arm_muldivdf3.o)
                0x08000a54                __aeabi_dmul
                0x08000a54                __muldf3
                0x08000ca8                __divdf3
                0x08000ca8                __aeabi_ddiv
 .text          0x08000e78       0x50 c:/users/felipe.neves/mentorgraphics/sourcery_codebench_lite_for_arm_eabi/bin/../lib/gcc/arm-none-eabi/4.8.1/thumb2\libgcc.a(_arm_fixdfsi.o)
                0x08000e78                __aeabi_d2iz
                0x08000e78                __fixdfsi
 *(.rodata .rodata.*)
 *(vtable)
 *(.eh_frame*)
 *(.glue_7)
 .glue_7        0x00000000        0x0 linker stubs
 *(.glue_7t)
 .glue_7t       0x00000000        0x0 linker stubs

.vfp11_veneer   0x08000ec8        0x0
 .vfp11_veneer  0x00000000        0x0 linker stubs

.v4_bx          0x08000ec8        0x0
 .v4_bx         0x00000000        0x0 linker stubs

.iplt           0x08000ec8        0x0
 .iplt          0x00000000        0x0 ./system/src/stm32f4-hal/stm32f4xx_hal.o

.rel.dyn        0x08000ec8        0x0
 .rel.iplt      0x00000000        0x0 ./system/src/stm32f4-hal/stm32f4xx_hal.o

.ARM.extab
 *(.ARM.extab* .gnu.linkonce.armextab.*)
                0x08000ec8                __exidx_start = .

.ARM.exidx
 *(.ARM.exidx* .gnu.linkonce.armexidx.*)
                0x08000ec8                __exidx_end = .
                0x08000ec8                . = ALIGN (0x4)
                0x08000ec8                _etext = .
                0x08000ec8                __etext = .
                0x08000ec8                _sidata = _etext

.data           0x20000000       0x10 load address 0x08000ec8
                0x20000000                . = ALIGN (0x4)
                0x20000000                _sdata = .
                0x20000000                __data_start__ = .
 *(.data_begin .data_begin.*)
 .data_begin    0x20000000        0x4 ./system/src/newlib/_startup.o
 *(.data .data.*)
 .data.argv.4469
                0x20000004        0x8 ./system/src/newlib/_syscalls.o
 *(.data_end .data_end.*)
 .data_end      0x2000000c        0x4 ./system/src/newlib/_startup.o
                0x20000010                . = ALIGN (0x4)
                0x20000010                _edata = .
                0x20000010                __data_end__ = .

.igot.plt       0x20000010        0x0 load address 0x08000ed8
 .igot.plt      0x00000000        0x0 ./system/src/stm32f4-hal/stm32f4xx_hal.o

.bss            0x20000010       0x40 load address 0x08000ed8
                0x20000010                . = ALIGN (0x4)
                0x20000010                __bss_start__ = .
                0x20000010                _sbss = .
 *(.bss_begin .bss_begin.*)
 .bss_begin     0x20000010        0x4 ./system/src/newlib/_startup.o
 *(.bss .bss.*)
 .bss.name.4468
                0x20000014        0x4 ./system/src/newlib/_syscalls.o
 .bss.bFilterOn
                0x20000018        0x1 ./src/EMADigitalFilter.o
 *fill*         0x20000019        0x1 
 .bss.wInput    0x2000001a        0x2 ./src/EmbarcadosDSP.o
                0x2000001a                wInput
 .bss.wOutput   0x2000001c        0x2 ./src/EmbarcadosDSP.o
                0x2000001c                wOutput
 *(COMMON)
 *fill*         0x2000001e        0x2 
 COMMON         0x20000020       0x2b ./src/EmbarcadosDSP.o
                0x20000020                xEmaFilter
                0x20000044                xAnalog
                0x2000004a                xGlobalStatus
 *(.bss_end .bss_end.*)
 *fill*         0x2000004b        0x1 
 .bss_end       0x2000004c        0x4 ./system/src/newlib/_startup.o
                0x20000050                . = ALIGN (0x4)
                0x20000050                __bss_end__ = .
                0x20000050                _ebss = .

.noinit         0x20000050        0x0
                0x20000050                . = ALIGN (0x4)
                0x20000050                _noinit = .
 *(.noinit .noinit.*)
                0x20000050                . = ALIGN (0x4)
                0x20000050                _end_noinit = .
                0x20000050                PROVIDE (end, _end_noinit)
                0x20000050                PROVIDE (_end, _end_noinit)
                0x20000050                PROVIDE (__end, _end_noinit)
                0x20000050                PROVIDE (__end__, _end_noinit)

._check_stack   0x20000050      0x100 load address 0x08000f18
                0x20000050                . = ALIGN (0x4)
                0x20000150                . = (. + _Minimum_Stack_Size)
 *fill*         0x20000050      0x100 
                0x20000150                . = ALIGN (0x4)

.bss_CCMRAM
 *(.bss.CCMRAM .bss.CCMRAM.*)

.b1text
 *(.b1text)
 *(.b1rodata)
 *(.b1rodata.*)

.eb0text
 *(.eb0text)
 *(.eb0rodata)
 *(.eb0rodata.*)

.eb1text
 *(.eb1text)
 *(.eb1rodata)
 *(.eb1rodata.*)

.eb2text
 *(.eb2text)
 *(.eb2rodata)
 *(.eb2rodata.*)

.eb3text
 *(.eb3text)
 *(.eb3rodata)
 *(.eb3rodata.*)

.stab
 *(.stab)

.stabstr
 *(.stabstr)

.stab.excl
 *(.stab.excl)

.stab.exclstr
 *(.stab.exclstr)

.stab.index
 *(.stab.index)

.stab.indexstr
 *(.stab.indexstr)

.comment        0x00000000       0x30
 *(.comment)
 .comment       0x00000000       0x30 ./system/src/newlib/_exit.o
                                 0x31 (size before relaxing)
 .comment       0x00000000       0x31 ./system/src/newlib/_startup.o
 .comment       0x00000000       0x31 ./system/src/newlib/_syscalls.o
 .comment       0x00000000       0x31 ./system/src/cortexm/_initialize_hardware.o
 .comment       0x00000000       0x31 ./system/src/cortexm/exception_handlers.o
 .comment       0x00000000       0x31 ./system/src/cmsis/system_stm32f4xx.o
 .comment       0x00000000       0x31 ./system/src/cmsis/vectors_stm32f4xx.o
 .comment       0x00000000       0x31 ./src/EMADigitalFilter.o
 .comment       0x00000000       0x31 ./src/EmbarcadosDSP.o

.ARM.attributes
                0x00000000       0x31
 .ARM.attributes
                0x00000000       0x33 ./system/src/newlib/_exit.o
 .ARM.attributes
                0x00000033       0x33 ./system/src/newlib/_startup.o
 .ARM.attributes
                0x00000066       0x33 ./system/src/newlib/_syscalls.o
 .ARM.attributes
                0x00000099       0x33 ./system/src/cortexm/_initialize_hardware.o
 .ARM.attributes
                0x000000cc       0x33 ./system/src/cortexm/exception_handlers.o
 .ARM.attributes
                0x000000ff       0x33 ./system/src/cmsis/system_stm32f4xx.o
 .ARM.attributes
                0x00000132       0x33 ./system/src/cmsis/vectors_stm32f4xx.o
 .ARM.attributes
                0x00000165       0x33 ./src/EMADigitalFilter.o
 .ARM.attributes
                0x00000198       0x33 ./src/EmbarcadosDSP.o
 .ARM.attributes
                0x000001cb       0x19 c:/users/felipe.neves/mentorgraphics/sourcery_codebench_lite_for_arm_eabi/bin/../lib/gcc/arm-none-eabi/4.8.1/thumb2\libgcc.a(_arm_addsubdf3.o)
 .ARM.attributes
                0x000001e4       0x19 c:/users/felipe.neves/mentorgraphics/sourcery_codebench_lite_for_arm_eabi/bin/../lib/gcc/arm-none-eabi/4.8.1/thumb2\libgcc.a(_arm_muldivdf3.o)
 .ARM.attributes
                0x000001fd       0x19 c:/users/felipe.neves/mentorgraphics/sourcery_codebench_lite_for_arm_eabi/bin/../lib/gcc/arm-none-eabi/4.8.1/thumb2\libgcc.a(_arm_fixdfsi.o)

.debug
 *(.debug)

.line
 *(.line)

.debug_srcinfo
 *(.debug_srcinfo)

.debug_sfnames
 *(.debug_sfnames)

.debug_aranges  0x00000000      0x288
 *(.debug_aranges)
 .debug_aranges
                0x00000000       0x28 ./system/src/newlib/_exit.o
 .debug_aranges
                0x00000028       0x40 ./system/src/newlib/_startup.o
 .debug_aranges
                0x00000068       0xd0 ./system/src/newlib/_syscalls.o
 .debug_aranges
                0x00000138       0x20 ./system/src/cortexm/_initialize_hardware.o
 .debug_aranges
                0x00000158       0x68 ./system/src/cortexm/exception_handlers.o
 .debug_aranges
                0x000001c0       0x28 ./system/src/cmsis/system_stm32f4xx.o
 .debug_aranges
                0x000001e8       0x20 ./system/src/cmsis/vectors_stm32f4xx.o
 .debug_aranges
                0x00000208       0x30 ./src/EMADigitalFilter.o
 .debug_aranges
                0x00000238       0x50 ./src/EmbarcadosDSP.o

.debug_pubnames
 *(.debug_pubnames)

.debug_info     0x00000000     0x20ee
 *(.debug_info .gnu.linkonce.wi.*)
 .debug_info    0x00000000      0x100 ./system/src/newlib/_exit.o
 .debug_info    0x00000100      0x45e ./system/src/newlib/_startup.o
 .debug_info    0x0000055e      0x8f3 ./system/src/newlib/_syscalls.o
 .debug_info    0x00000e51       0xb9 ./system/src/cortexm/_initialize_hardware.o
 .debug_info    0x00000f0a       0xe9 ./system/src/cortexm/exception_handlers.o
 .debug_info    0x00000ff3      0x496 ./system/src/cmsis/system_stm32f4xx.o
 .debug_info    0x00001489       0xd1 ./system/src/cmsis/vectors_stm32f4xx.o
 .debug_info    0x0000155a      0x2b5 ./src/EMADigitalFilter.o
 .debug_info    0x0000180f      0x8df ./src/EmbarcadosDSP.o

.debug_abbrev   0x00000000      0x969
 *(.debug_abbrev)
 .debug_abbrev  0x00000000       0xa4 ./system/src/newlib/_exit.o
 .debug_abbrev  0x000000a4      0x1da ./system/src/newlib/_startup.o
 .debug_abbrev  0x0000027e      0x178 ./system/src/newlib/_syscalls.o
 .debug_abbrev  0x000003f6       0x88 ./system/src/cortexm/_initialize_hardware.o
 .debug_abbrev  0x0000047e       0x65 ./system/src/cortexm/exception_handlers.o
 .debug_abbrev  0x000004e3      0x104 ./system/src/cmsis/system_stm32f4xx.o
 .debug_abbrev  0x000005e7       0x9d ./system/src/cmsis/vectors_stm32f4xx.o
 .debug_abbrev  0x00000684      0x10c ./src/EMADigitalFilter.o
 .debug_abbrev  0x00000790      0x1d9 ./src/EmbarcadosDSP.o

.debug_line     0x00000000     0x233d
 *(.debug_line)
 .debug_line    0x00000000      0x331 ./system/src/newlib/_exit.o
 .debug_line    0x00000331      0x36b ./system/src/newlib/_startup.o
 .debug_line    0x0000069c      0x530 ./system/src/newlib/_syscalls.o
 .debug_line    0x00000bcc      0x31f ./system/src/cortexm/_initialize_hardware.o
 .debug_line    0x00000eeb       0xce ./system/src/cortexm/exception_handlers.o
 .debug_line    0x00000fb9      0x896 ./system/src/cmsis/system_stm32f4xx.o
 .debug_line    0x0000184f      0x366 ./system/src/cmsis/vectors_stm32f4xx.o
 .debug_line    0x00001bb5      0x342 ./src/EMADigitalFilter.o
 .debug_line    0x00001ef7      0x446 ./src/EmbarcadosDSP.o

.debug_frame    0x00000000      0x510
 *(.debug_frame)
 .debug_frame   0x00000000       0x38 ./system/src/newlib/_exit.o
 .debug_frame   0x00000038       0x80 ./system/src/newlib/_startup.o
 .debug_frame   0x000000b8      0x230 ./system/src/newlib/_syscalls.o
 .debug_frame   0x000002e8       0x28 ./system/src/cortexm/_initialize_hardware.o
 .debug_frame   0x00000310       0xb8 ./system/src/cortexm/exception_handlers.o
 .debug_frame   0x000003c8       0x30 ./system/src/cmsis/system_stm32f4xx.o
 .debug_frame   0x000003f8       0x20 ./system/src/cmsis/vectors_stm32f4xx.o
 .debug_frame   0x00000418       0x68 ./src/EMADigitalFilter.o
 .debug_frame   0x00000480       0x90 ./src/EmbarcadosDSP.o

.debug_str      0x00000000    0x8c17e
 *(.debug_str)
 .debug_str     0x00000000     0x53b9 ./system/src/newlib/_exit.o
                               0x54cf (size before relaxing)
 .debug_str     0x000053b9      0x99e ./system/src/newlib/_startup.o
                               0x3da9 (size before relaxing)
 .debug_str     0x00005d57     0x12be ./system/src/newlib/_syscalls.o
                               0x594b (size before relaxing)
 .debug_str     0x00007015    0x3ed7b ./system/src/cortexm/_initialize_hardware.o
                              0x41eeb (size before relaxing)
 .debug_str     0x00045d90       0xe8 ./system/src/cortexm/exception_handlers.o
                               0x2523 (size before relaxing)
 .debug_str     0x00045e78    0x45e77 ./system/src/cmsis/system_stm32f4xx.o
                              0x87d81 (size before relaxing)
 .debug_str     0x0008bcef      0x145 ./system/src/cmsis/vectors_stm32f4xx.o
                               0x32b6 (size before relaxing)
 .debug_str     0x0008be34      0x14a ./src/EMADigitalFilter.o
                               0x32fb (size before relaxing)
 .debug_str     0x0008bf7e      0x200 ./src/EmbarcadosDSP.o
                              0x423a1 (size before relaxing)

.debug_loc      0x00000000      0xbb2
 *(.debug_loc)
 .debug_loc     0x00000000      0x25a ./system/src/newlib/_startup.o
 .debug_loc     0x0000025a      0x549 ./system/src/newlib/_syscalls.o
 .debug_loc     0x000007a3      0x103 ./system/src/cmsis/system_stm32f4xx.o
 .debug_loc     0x000008a6      0x2ed ./src/EMADigitalFilter.o
 .debug_loc     0x00000b93       0x1f ./src/EmbarcadosDSP.o

.debug_macinfo
 *(.debug_macinfo)

.debug_weaknames
 *(.debug_weaknames)

.debug_funcnames
 *(.debug_funcnames)

.debug_typenames
 *(.debug_typenames)

.debug_varnames
 *(.debug_varnames)
OUTPUT(uLipe_DSP.elf elf32-littlearm)

.debug_ranges   0x00000000      0x210
 .debug_ranges  0x00000000       0x18 ./system/src/newlib/_exit.o
 .debug_ranges  0x00000018       0x48 ./system/src/newlib/_startup.o
 .debug_ranges  0x00000060       0xc0 ./system/src/newlib/_syscalls.o
 .debug_ranges  0x00000120       0x10 ./system/src/cortexm/_initialize_hardware.o
 .debug_ranges  0x00000130       0x58 ./system/src/cortexm/exception_handlers.o
 .debug_ranges  0x00000188       0x18 ./system/src/cmsis/system_stm32f4xx.o
 .debug_ranges  0x000001a0       0x10 ./system/src/cmsis/vectors_stm32f4xx.o
 .debug_ranges  0x000001b0       0x20 ./src/EMADigitalFilter.o
 .debug_ranges  0x000001d0       0x40 ./src/EmbarcadosDSP.o

.debug_macro    0x00000000     0x1181
 .debug_macro   0x00000000      0x126 ./system/src/newlib/_exit.o
 .debug_macro   0x00000126      0x10e ./system/src/newlib/_exit.o
 .debug_macro   0x00000234       0x1c ./system/src/newlib/_exit.o
 .debug_macro   0x00000250       0x86 ./system/src/newlib/_exit.o
 .debug_macro   0x000002d6       0x10 ./system/src/newlib/_exit.o
 .debug_macro   0x000002e6       0x35 ./system/src/newlib/_exit.o
 .debug_macro   0x0000031b       0xe1 ./system/src/newlib/_startup.o
 .debug_macro   0x000003fc      0x16e ./system/src/newlib/_syscalls.o
 .debug_macro   0x0000056a       0x1c ./system/src/newlib/_syscalls.o
 .debug_macro   0x00000586       0x16 ./system/src/newlib/_syscalls.o
 .debug_macro   0x0000059c       0x97 ./system/src/newlib/_syscalls.o
 .debug_macro   0x00000633       0x10 ./system/src/newlib/_syscalls.o
 .debug_macro   0x00000643       0x10 ./system/src/newlib/_syscalls.o
 .debug_macro   0x00000653       0xf6 ./system/src/newlib/_syscalls.o
 .debug_macro   0x00000749       0x35 ./system/src/newlib/_syscalls.o
 .debug_macro   0x0000077e      0x120 ./system/src/newlib/_syscalls.o
 .debug_macro   0x0000089e       0x22 ./system/src/newlib/_syscalls.o
 .debug_macro   0x000008c0       0x2b ./system/src/newlib/_syscalls.o
 .debug_macro   0x000008eb      0x118 ./system/src/newlib/_syscalls.o
 .debug_macro   0x00000a03      0x13a ./system/src/newlib/_syscalls.o
 .debug_macro   0x00000b3d       0x16 ./system/src/newlib/_syscalls.o
 .debug_macro   0x00000b53       0xc5 ./system/src/cortexm/_initialize_hardware.o
 .debug_macro   0x00000c18       0x1b ./system/src/cortexm/exception_handlers.o
 .debug_macro   0x00000c33      0x302 ./system/src/cmsis/system_stm32f4xx.o
 .debug_macro   0x00000f35       0x95 ./system/src/cmsis/vectors_stm32f4xx.o
 .debug_macro   0x00000fca       0x10 ./system/src/cmsis/vectors_stm32f4xx.o
 .debug_macro   0x00000fda       0x16 ./system/src/cmsis/vectors_stm32f4xx.o
 .debug_macro   0x00000ff0       0x1c ./system/src/cmsis/vectors_stm32f4xx.o
 .debug_macro   0x0000100c       0x73 ./src/EMADigitalFilter.o
 .debug_macro   0x0000107f       0x10 ./src/EMADigitalFilter.o
 .debug_macro   0x0000108f       0xdc ./src/EmbarcadosDSP.o
 .debug_macro   0x0000116b       0x16 ./src/EmbarcadosDSP.o
